{"test": "S", "delay": 0, "offset": 0, "decision_alpha_vs_qqq_pct": 455.16, "sharpe": 1.3084404431719803, "max_dd_pct": -22.28420269479585, "secs": 5.3}
{"test": "S", "delay": 0, "offset": 1, "decision_alpha_vs_qqq_pct": 279.97, "sharpe": 1.294473944525378, "max_dd_pct": -23.096982969149316, "secs": 2.9}
{"test": "S", "delay": 0, "offset": 2, "decision_alpha_vs_qqq_pct": 596.71, "sharpe": 1.4822473283192794, "max_dd_pct": -21.405788902687163, "secs": 3.1}
{"test": "S", "delay": 0, "offset": 3, "decision_alpha_vs_qqq_pct": 574.18, "sharpe": 1.4287202615053292, "max_dd_pct": -20.121455410766785, "secs": 3.0}
{"test": "S", "delay": 0, "offset": 4, "decision_alpha_vs_qqq_pct": 463.62, "sharpe": 1.3733412223481538, "max_dd_pct": -22.437492979036676, "secs": 3.0}
{"test": "S", "delay": 0, "offset": 5, "decision_alpha_vs_qqq_pct": 445.49, "sharpe": 1.298659777755294, "max_dd_pct": -24.194108873785748, "secs": 2.9}
{"test": "S", "delay": 0, "offset": 6, "decision_alpha_vs_qqq_pct": 334.64, "sharpe": 1.2297737054686626, "max_dd_pct": -26.835721234666753, "secs": 2.9}
{"test": "S", "delay": 0, "offset": 7, "decision_alpha_vs_qqq_pct": 666.76, "sharpe": 1.3844485334315093, "max_dd_pct": -27.803873038573947, "secs": 3.0}
{"test": "S", "delay": 0, "offset": 8, "decision_alpha_vs_qqq_pct": 432.61, "sharpe": 1.2553596149901276, "max_dd_pct": -28.467623933032872, "secs": 2.9}
{"test": "S", "delay": 0, "offset": 9, "decision_alpha_vs_qqq_pct": 332.49, "sharpe": 1.2832002314648245, "max_dd_pct": -25.429052719414514, "secs": 2.9}
{"test": "S", "delay": 0, "offset": 10, "decision_alpha_vs_qqq_pct": 499.34, "sharpe": 1.389733828032741, "max_dd_pct": -25.14147908369867, "secs": 2.9}
{"test": "S", "delay": 0, "offset": 11, "decision_alpha_vs_qqq_pct": 418.63, "sharpe": 1.3649416037145117, "max_dd_pct": -22.60003865735143, "secs": 3.0}
{"test": "S", "delay": 0, "offset": 12, "decision_alpha_vs_qqq_pct": 374.34, "sharpe": 1.4895984045377835, "max_dd_pct": -19.061246202598248, "secs": 2.9}
{"test": "S", "delay": 0, "offset": 13, "decision_alpha_vs_qqq_pct": 468.88, "sharpe": 1.4939123043706872, "max_dd_pct": -19.835246954948694, "secs": 2.9}
{"test": "S", "delay": 0, "offset": 14, "decision_alpha_vs_qqq_pct": 456.93, "sharpe": 1.480232887625439, "max_dd_pct": -15.897506633133517, "secs": 2.9}
{"test": "S", "delay": 0, "offset": 15, "decision_alpha_vs_qqq_pct": 473.72, "sharpe": 1.53405361377085, "max_dd_pct": -16.253023590513337, "secs": 2.9}
{"test": "S", "delay": 0, "offset": 16, "decision_alpha_vs_qqq_pct": 543.4, "sharpe": 1.494327949265981, "max_dd_pct": -18.479654577233017, "secs": 3.0}
{"test": "S", "delay": 0, "offset": 17, "decision_alpha_vs_qqq_pct": 614.01, "sharpe": 1.5206741406832858, "max_dd_pct": -17.700326563412606, "secs": 2.9}
{"test": "S", "delay": 0, "offset": 18, "decision_alpha_vs_qqq_pct": 641.02, "sharpe": 1.4679127155175968, "max_dd_pct": -21.6244010090638, "secs": 2.9}
{"test": "S", "delay": 0, "offset": 19, "decision_alpha_vs_qqq_pct": 383.18, "sharpe": 1.2796674391417915, "max_dd_pct": -21.31094376510235, "secs": 2.9}
{"test": "S", "delay": 1, "offset": 0, "decision_alpha_vs_qqq_pct": 458.16, "sharpe": 1.3425225122639624, "max_dd_pct": -22.770407893194754, "secs": 2.9}
{"test": "S", "delay": 1, "offset": 1, "decision_alpha_vs_qqq_pct": 356.04, "sharpe": 1.3624187509191872, "max_dd_pct": -21.37932938971704, "secs": 3.1}
{"test": "S", "delay": 1, "offset": 2, "decision_alpha_vs_qqq_pct": 585.92, "sharpe": 1.4256355850208677, "max_dd_pct": -20.55924898008078, "secs": 3.0}
{"test": "S", "delay": 1, "offset": 3, "decision_alpha_vs_qqq_pct": 410.14, "sharpe": 1.3062837509105458, "max_dd_pct": -22.576687290171414, "secs": 2.9}
{"test": "S", "delay": 1, "offset": 4, "decision_alpha_vs_qqq_pct": 386.45, "sharpe": 1.3272266926411682, "max_dd_pct": -23.11999111922599, "secs": 3.0}
{"test": "S", "delay": 1, "offset": 5, "decision_alpha_vs_qqq_pct": 373.67, "sharpe": 1.2606801221325026, "max_dd_pct": -28.003988713087736, "secs": 3.0}
{"test": "S", "delay": 1, "offset": 6, "decision_alpha_vs_qqq_pct": 359.89, "sharpe": 1.2189222782154618, "max_dd_pct": -27.719879928120772, "secs": 3.1}
{"test": "S", "delay": 1, "offset": 7, "decision_alpha_vs_qqq_pct": 644.85, "sharpe": 1.403035014280879, "max_dd_pct": -28.493824875166716, "secs": 3.0}
{"test": "S", "delay": 1, "offset": 8, "decision_alpha_vs_qqq_pct": 412.59, "sharpe": 1.3365942998273408, "max_dd_pct": -25.589566910184548, "secs": 2.9}
{"test": "S", "delay": 1, "offset": 9, "decision_alpha_vs_qqq_pct": 485.03, "sharpe": 1.3443502051421337, "max_dd_pct": -23.304115379425028, "secs": 2.9}
{"test": "S", "delay": 1, "offset": 10, "decision_alpha_vs_qqq_pct": 438.31, "sharpe": 1.3693540169430114, "max_dd_pct": -24.150325930666405, "secs": 3.0}
{"test": "S", "delay": 1, "offset": 11, "decision_alpha_vs_qqq_pct": 486.17, "sharpe": 1.534250084657036, "max_dd_pct": -17.405345647754366, "secs": 3.1}
{"test": "S", "delay": 1, "offset": 12, "decision_alpha_vs_qqq_pct": 388.18, "sharpe": 1.5008672973309651, "max_dd_pct": -17.59728874322014, "secs": 3.0}
{"test": "S", "delay": 1, "offset": 13, "decision_alpha_vs_qqq_pct": 403.94, "sharpe": 1.439887567818127, "max_dd_pct": -17.549468480023954, "secs": 3.0}
{"test": "S", "delay": 1, "offset": 14, "decision_alpha_vs_qqq_pct": 565.79, "sharpe": 1.5830777785628718, "max_dd_pct": -14.694081236307099, "secs": 3.0}
{"test": "S", "delay": 1, "offset": 15, "decision_alpha_vs_qqq_pct": 537.76, "sharpe": 1.5271437361349314, "max_dd_pct": -15.477624424454039, "secs": 2.9}
{"test": "S", "delay": 1, "offset": 16, "decision_alpha_vs_qqq_pct": 546.12, "sharpe": 1.481831405290566, "max_dd_pct": -18.450057202441084, "secs": 3.1}
{"test": "S", "delay": 1, "offset": 17, "decision_alpha_vs_qqq_pct": 619.91, "sharpe": 1.3889137024768972, "max_dd_pct": -22.210532308013654, "secs": 2.9}
{"test": "S", "delay": 1, "offset": 18, "decision_alpha_vs_qqq_pct": 433.78, "sharpe": 1.363076896906028, "max_dd_pct": -22.532055240902473, "secs": 3.0}
{"test": "S", "delay": 1, "offset": 19, "decision_alpha_vs_qqq_pct": 387.99, "sharpe": 1.2942963921083834, "max_dd_pct": -20.01439122751838, "secs": 2.9}
{"test": "W", "delay": 0, "offset": 0, "decision_alpha_vs_qqq_pct": 514.48, "sharpe": 1.3298916709402029, "max_dd_pct": -24.542474978065353, "secs": 3.2}
{"test": "W", "delay": 0, "offset": 1, "decision_alpha_vs_qqq_pct": 367.0, "sharpe": 1.344933912614646, "max_dd_pct": -23.45363174462085, "secs": 3.1}
{"test": "W", "delay": 0, "offset": 2, "decision_alpha_vs_qqq_pct": 294.24, "sharpe": 1.2790948354539935, "max_dd_pct": -23.02562860851758, "secs": 3.1}
{"test": "W", "delay": 0, "offset": 3, "decision_alpha_vs_qqq_pct": 494.81, "sharpe": 1.3340594343273884, "max_dd_pct": -20.816406646406705, "secs": 3.1}
{"test": "W", "delay": 0, "offset": 4, "decision_alpha_vs_qqq_pct": 508.61, "sharpe": 1.3653006148892832, "max_dd_pct": -23.377021423050348, "secs": 3.1}
{"test": "W", "delay": 0, "offset": 5, "decision_alpha_vs_qqq_pct": 366.77, "sharpe": 1.2540795835975787, "max_dd_pct": -24.179207354011556, "secs": 3.2}
{"test": "W", "delay": 0, "offset": 6, "decision_alpha_vs_qqq_pct": 192.3, "sharpe": 1.093803291167345, "max_dd_pct": -28.0079001339961, "secs": 3.1}
{"test": "W", "delay": 0, "offset": 7, "decision_alpha_vs_qqq_pct": 363.1, "sharpe": 1.162566154831345, "max_dd_pct": -28.435890968545184, "secs": 3.1}
{"test": "W", "delay": 0, "offset": 8, "decision_alpha_vs_qqq_pct": 328.32, "sharpe": 1.1411921335712898, "max_dd_pct": -30.039548671943173, "secs": 3.1}
{"test": "W", "delay": 0, "offset": 9, "decision_alpha_vs_qqq_pct": 122.5, "sharpe": 1.0650237234562892, "max_dd_pct": -27.393905300492662, "secs": 3.1}
{"test": "W", "delay": 0, "offset": 10, "decision_alpha_vs_qqq_pct": 370.03, "sharpe": 1.2325133938391182, "max_dd_pct": -27.531425729193813, "secs": 3.2}
{"test": "W", "delay": 0, "offset": 11, "decision_alpha_vs_qqq_pct": 395.81, "sharpe": 1.2623300312571446, "max_dd_pct": -25.71965489479473, "secs": 3.2}
{"test": "W", "delay": 0, "offset": 12, "decision_alpha_vs_qqq_pct": 388.76, "sharpe": 1.432540634646653, "max_dd_pct": -20.276921664545135, "secs": 3.1}
{"test": "W", "delay": 0, "offset": 13, "decision_alpha_vs_qqq_pct": 293.63, "sharpe": 1.357946812079131, "max_dd_pct": -18.78809813507354, "secs": 3.2}
{"test": "W", "delay": 0, "offset": 14, "decision_alpha_vs_qqq_pct": 343.34, "sharpe": 1.3831292643892763, "max_dd_pct": -19.3869662814954, "secs": 3.3}
{"test": "W", "delay": 0, "offset": 15, "decision_alpha_vs_qqq_pct": 399.97, "sharpe": 1.4243069729954747, "max_dd_pct": -19.065543008381802, "secs": 3.2}
{"test": "W", "delay": 0, "offset": 16, "decision_alpha_vs_qqq_pct": 369.0, "sharpe": 1.3510245345948884, "max_dd_pct": -24.366822543220056, "secs": 3.1}
{"test": "W", "delay": 0, "offset": 17, "decision_alpha_vs_qqq_pct": 428.8, "sharpe": 1.3548118825577842, "max_dd_pct": -20.66627406177095, "secs": 3.1}
{"test": "W", "delay": 0, "offset": 18, "decision_alpha_vs_qqq_pct": 515.57, "sharpe": 1.3436150890315492, "max_dd_pct": -24.64781961165634, "secs": 3.2}
{"test": "W", "delay": 0, "offset": 19, "decision_alpha_vs_qqq_pct": 378.9, "sharpe": 1.2390830122577166, "max_dd_pct": -22.78010072794424, "secs": 3.2}
{"test": "W", "delay": 1, "offset": 0, "decision_alpha_vs_qqq_pct": 473.92, "sharpe": 1.3494698077027427, "max_dd_pct": -24.317743924002, "secs": 3.2}
{"test": "W", "delay": 1, "offset": 1, "decision_alpha_vs_qqq_pct": 426.42, "sharpe": 1.4075737671757884, "max_dd_pct": -22.625782591720224, "secs": 3.3}
{"test": "W", "delay": 1, "offset": 2, "decision_alpha_vs_qqq_pct": 318.25, "sharpe": 1.2443479172854204, "max_dd_pct": -22.99744605884738, "secs": 3.1}
{"test": "W", "delay": 1, "offset": 3, "decision_alpha_vs_qqq_pct": 398.12, "sharpe": 1.2635464299142765, "max_dd_pct": -23.403136806140612, "secs": 3.2}
{"test": "W", "delay": 1, "offset": 4, "decision_alpha_vs_qqq_pct": 471.58, "sharpe": 1.351898142361272, "max_dd_pct": -24.16647961787348, "secs": 3.1}
{"test": "W", "delay": 1, "offset": 5, "decision_alpha_vs_qqq_pct": 341.05, "sharpe": 1.2224711112455136, "max_dd_pct": -27.979974236428575, "secs": 3.1}
{"test": "W", "delay": 1, "offset": 6, "decision_alpha_vs_qqq_pct": 203.74, "sharpe": 1.0776677902768774, "max_dd_pct": -28.464874810970663, "secs": 3.1}
{"test": "W", "delay": 1, "offset": 7, "decision_alpha_vs_qqq_pct": 316.8, "sharpe": 1.136961347830735, "max_dd_pct": -30.05872734374384, "secs": 3.1}
{"test": "W", "delay": 1, "offset": 8, "decision_alpha_vs_qqq_pct": 281.13, "sharpe": 1.2182694291870406, "max_dd_pct": -26.914700713317362, "secs": 3.2}
{"test": "W", "delay": 1, "offset": 9, "decision_alpha_vs_qqq_pct": 193.73, "sharpe": 1.091537268825203, "max_dd_pct": -27.4331864609188, "secs": 3.1}
{"test": "W", "delay": 1, "offset": 10, "decision_alpha_vs_qqq_pct": 264.71, "sharpe": 1.1817106716509518, "max_dd_pct": -25.45159962945277, "secs": 3.1}
{"test": "W", "delay": 1, "offset": 11, "decision_alpha_vs_qqq_pct": 410.0, "sharpe": 1.3953563556207262, "max_dd_pct": -22.306264577065704, "secs": 3.1}
{"test": "W", "delay": 1, "offset": 12, "decision_alpha_vs_qqq_pct": 409.13, "sharpe": 1.4501566513040884, "max_dd_pct": -19.582594280389298, "secs": 3.2}
{"test": "W", "delay": 1, "offset": 13, "decision_alpha_vs_qqq_pct": 285.1, "sharpe": 1.3400838638862773, "max_dd_pct": -16.908212712317173, "secs": 3.1}
{"test": "W", "delay": 1, "offset": 14, "decision_alpha_vs_qqq_pct": 343.94, "sharpe": 1.4004274917213506, "max_dd_pct": -21.764802465588073, "secs": 3.1}
{"test": "W", "delay": 1, "offset": 15, "decision_alpha_vs_qqq_pct": 398.44, "sharpe": 1.3932611877474328, "max_dd_pct": -22.91592197752036, "secs": 3.1}
{"test": "W", "delay": 1, "offset": 16, "decision_alpha_vs_qqq_pct": 372.94, "sharpe": 1.3285465602405693, "max_dd_pct": -19.987791183663727, "secs": 3.1}
{"test": "W", "delay": 1, "offset": 17, "decision_alpha_vs_qqq_pct": 448.17, "sharpe": 1.271809286041996, "max_dd_pct": -24.832444668209963, "secs": 3.7}
{"test": "W", "delay": 1, "offset": 18, "decision_alpha_vs_qqq_pct": 346.63, "sharpe": 1.2561187349413485, "max_dd_pct": -25.794178133922507, "secs": 3.1}
{"test": "W", "delay": 1, "offset": 19, "decision_alpha_vs_qqq_pct": 438.82, "sharpe": 1.3016943572182957, "max_dd_pct": -23.467373696558614, "secs": 3.1}
{"test": "V", "delay": 0, "offset": 0, "decision_alpha_vs_qqq_pct": 395.13, "sharpe": 1.3043207250360995, "max_dd_pct": -20.7990870866842, "secs": 2.9}
{"test": "V", "delay": 0, "offset": 1, "decision_alpha_vs_qqq_pct": 259.11, "sharpe": 1.2949658161819957, "max_dd_pct": -22.573199901520958, "secs": 3.1}
{"test": "V", "delay": 0, "offset": 2, "decision_alpha_vs_qqq_pct": 554.34, "sharpe": 1.4906336978585515, "max_dd_pct": -19.8949906380683, "secs": 3.0}
{"test": "V", "delay": 0, "offset": 3, "decision_alpha_vs_qqq_pct": 504.93, "sharpe": 1.4181497996609513, "max_dd_pct": -20.1214554107668, "secs": 3.0}
{"test": "V", "delay": 0, "offset": 4, "decision_alpha_vs_qqq_pct": 412.46, "sharpe": 1.364753726278179, "max_dd_pct": -22.437492979036666, "secs": 3.0}
{"test": "V", "delay": 0, "offset": 5, "decision_alpha_vs_qqq_pct": 363.34, "sharpe": 1.3121392287338303, "max_dd_pct": -24.194108873785748, "secs": 3.0}
{"test": "V", "delay": 0, "offset": 6, "decision_alpha_vs_qqq_pct": 295.32, "sharpe": 1.2361280108087043, "max_dd_pct": -26.835721234666753, "secs": 3.1}
{"test": "V", "delay": 0, "offset": 7, "decision_alpha_vs_qqq_pct": 601.42, "sharpe": 1.3879811193509277, "max_dd_pct": -27.803873038573958, "secs": 3.1}
{"test": "V", "delay": 0, "offset": 8, "decision_alpha_vs_qqq_pct": 373.91, "sharpe": 1.2603605380172238, "max_dd_pct": -28.46762393303286, "secs": 3.0}
{"test": "V", "delay": 0, "offset": 9, "decision_alpha_vs_qqq_pct": 281.32, "sharpe": 1.2839442795853242, "max_dd_pct": -25.429052719414514, "secs": 3.0}
{"test": "V", "delay": 0, "offset": 10, "decision_alpha_vs_qqq_pct": 415.6, "sharpe": 1.3917189204049893, "max_dd_pct": -25.14147908369867, "secs": 3.0}
{"test": "V", "delay": 0, "offset": 11, "decision_alpha_vs_qqq_pct": 337.09, "sharpe": 1.3618831441431636, "max_dd_pct": -22.912440549325975, "secs": 3.1}
{"test": "V", "delay": 0, "offset": 12, "decision_alpha_vs_qqq_pct": 311.69, "sharpe": 1.5040394808321802, "max_dd_pct": -16.196199790086673, "secs": 3.0}
{"test": "V", "delay": 0, "offset": 13, "decision_alpha_vs_qqq_pct": 419.08, "sharpe": 1.5188330293485144, "max_dd_pct": -17.37048930197893, "secs": 3.0}
{"test": "V", "delay": 0, "offset": 14, "decision_alpha_vs_qqq_pct": 413.78, "sharpe": 1.514195376156212, "max_dd_pct": -14.431566378289595, "secs": 3.3}
{"test": "V", "delay": 0, "offset": 15, "decision_alpha_vs_qqq_pct": 454.44, "sharpe": 1.6064275054436847, "max_dd_pct": -14.276026624613857, "secs": 3.2}
{"test": "V", "delay": 0, "offset": 16, "decision_alpha_vs_qqq_pct": 507.34, "sharpe": 1.5548267260862365, "max_dd_pct": -14.824691248264454, "secs": 3.4}
{"test": "V", "delay": 0, "offset": 17, "decision_alpha_vs_qqq_pct": 593.78, "sharpe": 1.5896781333885295, "max_dd_pct": -15.019362947321701, "secs": 3.1}
{"test": "V", "delay": 0, "offset": 18, "decision_alpha_vs_qqq_pct": 605.38, "sharpe": 1.5264054905739448, "max_dd_pct": -19.785521987642383, "secs": 3.1}
{"test": "V", "delay": 0, "offset": 19, "decision_alpha_vs_qqq_pct": 331.2, "sharpe": 1.2969798974612345, "max_dd_pct": -18.755152406090257, "secs": 3.1}
{"test": "V", "delay": 1, "offset": 0, "decision_alpha_vs_qqq_pct": 422.75, "sharpe": 1.3418689003222675, "max_dd_pct": -22.170883076684788, "secs": 3.2}
{"test": "V", "delay": 1, "offset": 1, "decision_alpha_vs_qqq_pct": 335.38, "sharpe": 1.379394919596226, "max_dd_pct": -20.413288140298846, "secs": 3.4}
{"test": "V", "delay": 1, "offset": 2, "decision_alpha_vs_qqq_pct": 516.7, "sharpe": 1.4181385486700895, "max_dd_pct": -20.23599715486292, "secs": 3.1}
{"test": "V", "delay": 1, "offset": 3, "decision_alpha_vs_qqq_pct": 362.34, "sharpe": 1.2985959512521914, "max_dd_pct": -22.576687290171414, "secs": 3.2}
{"test": "V", "delay": 1, "offset": 4, "decision_alpha_vs_qqq_pct": 314.41, "sharpe": 1.3126762235168212, "max_dd_pct": -23.119991119226, "secs": 3.3}
{"test": "V", "delay": 1, "offset": 5, "decision_alpha_vs_qqq_pct": 315.53, "sharpe": 1.271548514440848, "max_dd_pct": -28.003988713087736, "secs": 3.3}
{"test": "V", "delay": 1, "offset": 6, "decision_alpha_vs_qqq_pct": 308.63, "sharpe": 1.2156225981981081, "max_dd_pct": -27.719879928120772, "secs": 3.6}
{"test": "V", "delay": 1, "offset": 7, "decision_alpha_vs_qqq_pct": 587.99, "sharpe": 1.4149863801842633, "max_dd_pct": -28.493824875166716, "secs": 3.2}
{"test": "V", "delay": 1, "offset": 8, "decision_alpha_vs_qqq_pct": 355.72, "sharpe": 1.3425358908653895, "max_dd_pct": -25.589566910184548, "secs": 3.2}
{"test": "V", "delay": 1, "offset": 9, "decision_alpha_vs_qqq_pct": 396.88, "sharpe": 1.3450738508866087, "max_dd_pct": -23.304115379425017, "secs": 3.0}
{"test": "V", "delay": 1, "offset": 10, "decision_alpha_vs_qqq_pct": 358.27, "sharpe": 1.3686393755096027, "max_dd_pct": -22.606593682942624, "secs": 3.4}
{"test": "V", "delay": 1, "offset": 11, "decision_alpha_vs_qqq_pct": 407.82, "sharpe": 1.5468699669655688, "max_dd_pct": -16.249621367449063, "secs": 3.2}
{"test": "V", "delay": 1, "offset": 12, "decision_alpha_vs_qqq_pct": 327.58, "sharpe": 1.505089006400449, "max_dd_pct": -14.575034189034087, "secs": 3.0}
{"test": "V", "delay": 1, "offset": 13, "decision_alpha_vs_qqq_pct": 349.78, "sharpe": 1.4573995785572753, "max_dd_pct": -15.241879265698755, "secs": 3.1}
{"test": "V", "delay": 1, "offset": 14, "decision_alpha_vs_qqq_pct": 526.04, "sharpe": 1.6434589614645705, "max_dd_pct": -12.695627374263385, "secs": 3.1}
{"test": "V", "delay": 1, "offset": 15, "decision_alpha_vs_qqq_pct": 494.77, "sharpe": 1.5796901393946587, "max_dd_pct": -13.592158947064226, "secs": 3.2}
{"test": "V", "delay": 1, "offset": 16, "decision_alpha_vs_qqq_pct": 525.05, "sharpe": 1.5617746571723816, "max_dd_pct": -14.868539209123321, "secs": 3.1}
{"test": "V", "delay": 1, "offset": 17, "decision_alpha_vs_qqq_pct": 581.28, "sharpe": 1.43233175145976, "max_dd_pct": -20.29917317373373, "secs": 3.0}
{"test": "V", "delay": 1, "offset": 18, "decision_alpha_vs_qqq_pct": 394.58, "sharpe": 1.3953029457954442, "max_dd_pct": -20.649192524868464, "secs": 3.0}
{"test": "V", "delay": 1, "offset": 19, "decision_alpha_vs_qqq_pct": 329.53, "sharpe": 1.2842223594161855, "max_dd_pct": -18.54334848549958, "secs": 3.1}
{"test": "T", "delay": 0, "offset": 0, "decision_alpha_vs_qqq_pct": 41.42, "sharpe": 1.349544100477632, "max_dd_pct": -16.06603578479301, "secs": 3.4}
{"test": "T", "delay": 0, "offset": 1, "decision_alpha_vs_qqq_pct": -25.06, "sharpe": 1.3164041704417992, "max_dd_pct": -16.85322743379092, "secs": 3.3}
{"test": "T", "delay": 0, "offset": 2, "decision_alpha_vs_qqq_pct": 148.73, "sharpe": 1.6108525117529997, "max_dd_pct": -15.695191085294413, "secs": 3.3}
{"test": "T", "delay": 0, "offset": 3, "decision_alpha_vs_qqq_pct": 135.25, "sharpe": 1.5682842893747975, "max_dd_pct": -12.085848141666556, "secs": 3.2}
{"test": "T", "delay": 0, "offset": 4, "decision_alpha_vs_qqq_pct": 80.42, "sharpe": 1.4549347405936832, "max_dd_pct": -14.0259168461087, "secs": 3.5}
{"test": "T", "delay": 0, "offset": 5, "decision_alpha_vs_qqq_pct": 60.46, "sharpe": 1.387378908772683, "max_dd_pct": -15.722161271738344, "secs": 3.3}
{"test": "T", "delay": 0, "offset": 6, "decision_alpha_vs_qqq_pct": 10.54, "sharpe": 1.262021859780179, "max_dd_pct": -16.938106911493765, "secs": 3.3}
{"test": "T", "delay": 0, "offset": 7, "decision_alpha_vs_qqq_pct": 196.24, "sharpe": 1.4524149914931577, "max_dd_pct": -18.016335267752982, "secs": 3.3}
{"test": "T", "delay": 0, "offset": 8, "decision_alpha_vs_qqq_pct": 42.25, "sharpe": 1.2006074403442804, "max_dd_pct": -20.283069806533305, "secs": 3.3}
{"test": "T", "delay": 0, "offset": 9, "decision_alpha_vs_qqq_pct": 1.32, "sharpe": 1.2175927271888853, "max_dd_pct": -20.387403790934002, "secs": 3.5}
{"test": "T", "delay": 0, "offset": 10, "decision_alpha_vs_qqq_pct": 71.99, "sharpe": 1.3950890688848607, "max_dd_pct": -17.506151551197867, "secs": 3.3}
{"test": "T", "delay": 0, "offset": 11, "decision_alpha_vs_qqq_pct": 30.76, "sharpe": 1.3778842650844219, "max_dd_pct": -16.576166594724683, "secs": 3.3}
{"test": "T", "delay": 0, "offset": 12, "decision_alpha_vs_qqq_pct": -13.31, "sharpe": 1.5234623378795644, "max_dd_pct": -9.075461948154961, "secs": 3.4}
{"test": "T", "delay": 0, "offset": 13, "decision_alpha_vs_qqq_pct": 55.91, "sharpe": 1.5775992295778296, "max_dd_pct": -10.715184074099138, "secs": 3.5}
{"test": "T", "delay": 0, "offset": 14, "decision_alpha_vs_qqq_pct": 60.73, "sharpe": 1.5639320653731652, "max_dd_pct": -7.077235442890107, "secs": 3.4}
{"test": "T", "delay": 0, "offset": 15, "decision_alpha_vs_qqq_pct": 72.29, "sharpe": 1.6663685352615416, "max_dd_pct": -8.65860014577018, "secs": 3.3}
{"test": "T", "delay": 0, "offset": 16, "decision_alpha_vs_qqq_pct": 111.92, "sharpe": 1.6590878726242848, "max_dd_pct": -9.991479036472018, "secs": 3.3}
{"test": "T", "delay": 0, "offset": 17, "decision_alpha_vs_qqq_pct": 141.33, "sharpe": 1.6754589569036764, "max_dd_pct": -11.3404987376995, "secs": 3.4}
{"test": "T", "delay": 0, "offset": 18, "decision_alpha_vs_qqq_pct": 125.47, "sharpe": 1.6386472996967838, "max_dd_pct": -15.295723967794695, "secs": 3.6}
{"test": "T", "delay": 0, "offset": 19, "decision_alpha_vs_qqq_pct": 14.01, "sharpe": 1.35239975466623, "max_dd_pct": -12.780224308703536, "secs": 3.5}
{"test": "T", "delay": 1, "offset": 0, "decision_alpha_vs_qqq_pct": 63.76, "sharpe": 1.3610354109327798, "max_dd_pct": -16.494970799145047, "secs": 3.4}
{"test": "T", "delay": 1, "offset": 1, "decision_alpha_vs_qqq_pct": 13.2, "sharpe": 1.4228548216113373, "max_dd_pct": -16.08747654024342, "secs": 3.4}
{"test": "T", "delay": 1, "offset": 2, "decision_alpha_vs_qqq_pct": 150.73, "sharpe": 1.5949199689707325, "max_dd_pct": -13.801809407592547, "secs": 3.6}
{"test": "T", "delay": 1, "offset": 3, "decision_alpha_vs_qqq_pct": 52.17, "sharpe": 1.3445893790885854, "max_dd_pct": -14.166199888326247, "secs": 3.4}
{"test": "T", "delay": 1, "offset": 4, "decision_alpha_vs_qqq_pct": 26.87, "sharpe": 1.4075176992741003, "max_dd_pct": -13.071817688953125, "secs": 3.4}
{"test": "T", "delay": 1, "offset": 5, "decision_alpha_vs_qqq_pct": 37.33, "sharpe": 1.3389476547355814, "max_dd_pct": -17.895884670856134, "secs": 3.4}
{"test": "T", "delay": 1, "offset": 6, "decision_alpha_vs_qqq_pct": 15.2, "sharpe": 1.224132549769956, "max_dd_pct": -17.932195217838043, "secs": 3.4}
{"test": "T", "delay": 1, "offset": 7, "decision_alpha_vs_qqq_pct": 179.1, "sharpe": 1.413138805989864, "max_dd_pct": -20.308566754133707, "secs": 3.5}
{"test": "T", "delay": 1, "offset": 8, "decision_alpha_vs_qqq_pct": 29.76, "sharpe": 1.265040173637181, "max_dd_pct": -18.820078673635486, "secs": 3.3}
{"test": "T", "delay": 1, "offset": 9, "decision_alpha_vs_qqq_pct": 80.73, "sharpe": 1.3539733929285958, "max_dd_pct": -18.36327329733888, "secs": 3.6}
{"test": "T", "delay": 1, "offset": 10, "decision_alpha_vs_qqq_pct": 44.76, "sharpe": 1.3850971518942758, "max_dd_pct": -15.385756030222975, "secs": 3.3}
{"test": "T", "delay": 1, "offset": 11, "decision_alpha_vs_qqq_pct": 36.11, "sharpe": 1.5700701123887792, "max_dd_pct": -15.223672595159654, "secs": 3.6}
{"test": "T", "delay": 1, "offset": 12, "decision_alpha_vs_qqq_pct": 2.94, "sharpe": 1.559353404489003, "max_dd_pct": -8.142946062701373, "secs": 3.5}
{"test": "T", "delay": 1, "offset": 13, "decision_alpha_vs_qqq_pct": 35.38, "sharpe": 1.5212677054295016, "max_dd_pct": -8.20590583902312, "secs": 3.4}
{"test": "T", "delay": 1, "offset": 14, "decision_alpha_vs_qqq_pct": 115.22, "sharpe": 1.7137959605306223, "max_dd_pct": -8.263253884113563, "secs": 3.4}
{"test": "T", "delay": 1, "offset": 15, "decision_alpha_vs_qqq_pct": 98.05, "sharpe": 1.7017138173130177, "max_dd_pct": -9.99085080182307, "secs": 3.6}
{"test": "T", "delay": 1, "offset": 16, "decision_alpha_vs_qqq_pct": 111.07, "sharpe": 1.6314773778040723, "max_dd_pct": -11.221633600110293, "secs": 3.7}
{"test": "T", "delay": 1, "offset": 17, "decision_alpha_vs_qqq_pct": 128.58, "sharpe": 1.507380964083199, "max_dd_pct": -15.72157154324244, "secs": 3.5}
{"test": "T", "delay": 1, "offset": 18, "decision_alpha_vs_qqq_pct": 41.52, "sharpe": 1.5041504216582506, "max_dd_pct": -15.828256508737615, "secs": 3.3}
{"test": "T", "delay": 1, "offset": 19, "decision_alpha_vs_qqq_pct": 19.03, "sharpe": 1.348437086778542, "max_dd_pct": -14.275453259411098, "secs": 3.3}
{"test": "W_N3", "delay": 1, "offset": 0, "decision_alpha_vs_qqq_pct": 171.97, "sharpe": 1.1625444561634035, "max_dd_pct": -21.514345665442303, "secs": 3.6}
{"test": "W_N3", "delay": 1, "offset": 1, "decision_alpha_vs_qqq_pct": 181.52, "sharpe": 1.1775256468256041, "max_dd_pct": -21.257896831557865, "secs": 3.3}
{"test": "W_N3", "delay": 1, "offset": 2, "decision_alpha_vs_qqq_pct": 174.41, "sharpe": 1.1279380174968126, "max_dd_pct": -23.848450636040553, "secs": 3.3}
{"test": "W_N3", "delay": 1, "offset": 3, "decision_alpha_vs_qqq_pct": 184.38, "sharpe": 1.1301053961402665, "max_dd_pct": -23.371253000900648, "secs": 3.4}
{"test": "W_N3", "delay": 1, "offset": 4, "decision_alpha_vs_qqq_pct": 118.15, "sharpe": 1.0762091099410365, "max_dd_pct": -24.157977813812494, "secs": 3.6}
{"test": "W_N3", "delay": 1, "offset": 5, "decision_alpha_vs_qqq_pct": 115.88, "sharpe": 1.0570489910537506, "max_dd_pct": -27.96217984849796, "secs": 3.3}
{"test": "W_N3", "delay": 1, "offset": 6, "decision_alpha_vs_qqq_pct": 92.35, "sharpe": 1.0032013659433434, "max_dd_pct": -28.45924802408062, "secs": 3.7}
{"test": "W_N3", "delay": 1, "offset": 7, "decision_alpha_vs_qqq_pct": 87.31, "sharpe": 0.9829556359754215, "max_dd_pct": -30.109795618724398, "secs": 3.3}
{"test": "W_N3", "delay": 1, "offset": 8, "decision_alpha_vs_qqq_pct": 135.88, "sharpe": 1.1104798408657364, "max_dd_pct": -26.85212097062295, "secs": 3.3}
{"test": "W_N3", "delay": 1, "offset": 9, "decision_alpha_vs_qqq_pct": 10.22, "sharpe": 0.9082983569186798, "max_dd_pct": -27.302889549349185, "secs": 3.1}
{"test": "W_N3", "delay": 1, "offset": 10, "decision_alpha_vs_qqq_pct": 17.96, "sharpe": 0.9383236892837078, "max_dd_pct": -25.34041270237998, "secs": 3.1}
{"test": "W_N3", "delay": 1, "offset": 11, "decision_alpha_vs_qqq_pct": 25.39, "sharpe": 1.068902683458759, "max_dd_pct": -19.301304305176448, "secs": 3.1}
{"test": "W_N3", "delay": 1, "offset": 12, "decision_alpha_vs_qqq_pct": 108.1, "sharpe": 1.2392152666419327, "max_dd_pct": -20.729512657620198, "secs": 3.3}
{"test": "W_N3", "delay": 1, "offset": 13, "decision_alpha_vs_qqq_pct": 34.65, "sharpe": 1.1450490618543374, "max_dd_pct": -15.34067221205242, "secs": 3.1}
{"test": "W_N3", "delay": 1, "offset": 14, "decision_alpha_vs_qqq_pct": 159.47, "sharpe": 1.297427090779859, "max_dd_pct": -17.794529660736146, "secs": 3.1}
{"test": "W_N3", "delay": 1, "offset": 15, "decision_alpha_vs_qqq_pct": 157.03, "sharpe": 1.2150838131683752, "max_dd_pct": -17.923219644603915, "secs": 3.1}
{"test": "W_N3", "delay": 1, "offset": 16, "decision_alpha_vs_qqq_pct": 179.55, "sharpe": 1.2308807256792615, "max_dd_pct": -19.478603228895473, "secs": 3.1}
{"test": "W_N3", "delay": 1, "offset": 17, "decision_alpha_vs_qqq_pct": 217.32, "sharpe": 1.1501018533385632, "max_dd_pct": -21.572990238580147, "secs": 3.2}
{"test": "W_N3", "delay": 1, "offset": 18, "decision_alpha_vs_qqq_pct": 112.78, "sharpe": 1.1017589728599624, "max_dd_pct": -22.677435596385955, "secs": 3.3}
{"test": "W_N3", "delay": 1, "offset": 19, "decision_alpha_vs_qqq_pct": 100.99, "sharpe": 1.0721561562922526, "max_dd_pct": -22.97777839858123, "secs": 3.1}
{"test": "T_core", "delay": 1, "offset": 0, "decision_alpha_vs_qqq_pct": -297.46, "sharpe": 1.0421270023577738, "max_dd_pct": -5.313063176021671, "secs": 2.0}
{"test": "E_core", "delay": 1, "offset": 0, "decision_alpha_vs_qqq_pct": -129.52, "sharpe": 1.1628376847053368, "max_dd_pct": -15.311871662519149, "secs": 1.5}
{"test": "T_core", "delay": 1, "offset": 1, "decision_alpha_vs_qqq_pct": -291.89, "sharpe": 1.1080117151569453, "max_dd_pct": -4.956646095214179, "secs": 2.0}
{"test": "E_core", "delay": 1, "offset": 1, "decision_alpha_vs_qqq_pct": -130.92, "sharpe": 1.11316496246922, "max_dd_pct": -15.521060203494919, "secs": 1.5}
{"test": "T_core", "delay": 1, "offset": 2, "decision_alpha_vs_qqq_pct": -290.98, "sharpe": 1.0096025037930785, "max_dd_pct": -6.1870334683631345, "secs": 1.9}
{"test": "E_core", "delay": 1, "offset": 2, "decision_alpha_vs_qqq_pct": -136.13, "sharpe": 1.0026264925019284, "max_dd_pct": -16.4832066181695, "secs": 1.7}
{"test": "T_core", "delay": 1, "offset": 3, "decision_alpha_vs_qqq_pct": -290.93, "sharpe": 0.9587533608375333, "max_dd_pct": -4.523992241533081, "secs": 2.0}
{"test": "E_core", "delay": 1, "offset": 3, "decision_alpha_vs_qqq_pct": -142.28, "sharpe": 0.9973149815246961, "max_dd_pct": -15.195069007402973, "secs": 1.5}
{"test": "T_core", "delay": 1, "offset": 4, "decision_alpha_vs_qqq_pct": -302.5, "sharpe": 0.8097469719788152, "max_dd_pct": -6.70451648501923, "secs": 2.0}
{"test": "E_core", "delay": 1, "offset": 4, "decision_alpha_vs_qqq_pct": -158.82, "sharpe": 0.9225200732206518, "max_dd_pct": -19.26410732336057, "secs": 1.5}
{"test": "T_core", "delay": 1, "offset": 5, "decision_alpha_vs_qqq_pct": -291.39, "sharpe": 0.8393845255707932, "max_dd_pct": -6.004102182839965, "secs": 2.0}
{"test": "E_core", "delay": 1, "offset": 5, "decision_alpha_vs_qqq_pct": -147.65, "sharpe": 0.9650212841921345, "max_dd_pct": -18.639517305672506, "secs": 1.5}
{"test": "T_core", "delay": 1, "offset": 6, "decision_alpha_vs_qqq_pct": -295.51, "sharpe": 0.7080288635190176, "max_dd_pct": -8.25846207791755, "secs": 2.2}
{"test": "E_core", "delay": 1, "offset": 6, "decision_alpha_vs_qqq_pct": -148.99, "sharpe": 0.9123949439288042, "max_dd_pct": -20.493388648489365, "secs": 1.5}
{"test": "T_core", "delay": 1, "offset": 7, "decision_alpha_vs_qqq_pct": -281.65, "sharpe": 0.7240215673512073, "max_dd_pct": -9.043382220232942, "secs": 2.0}
{"test": "E_core", "delay": 1, "offset": 7, "decision_alpha_vs_qqq_pct": -124.97, "sharpe": 0.9890745636801741, "max_dd_pct": -19.275320699267372, "secs": 1.5}
{"test": "T_core", "delay": 1, "offset": 8, "decision_alpha_vs_qqq_pct": -286.03, "sharpe": 0.7704563664456681, "max_dd_pct": -7.689189631932026, "secs": 2.0}
{"test": "E_core", "delay": 1, "offset": 8, "decision_alpha_vs_qqq_pct": -123.81, "sharpe": 1.0716996573499855, "max_dd_pct": -16.65306089076021, "secs": 1.5}
{"test": "T_core", "delay": 1, "offset": 9, "decision_alpha_vs_qqq_pct": -292.59, "sharpe": 0.7784338587713758, "max_dd_pct": -7.995189923959789, "secs": 2.0}
{"test": "E_core", "delay": 1, "offset": 9, "decision_alpha_vs_qqq_pct": -140.97, "sharpe": 1.0075775771103794, "max_dd_pct": -18.142500447213173, "secs": 1.5}
{"test": "T_core", "delay": 1, "offset": 10, "decision_alpha_vs_qqq_pct": -293.27, "sharpe": 0.8404837820261167, "max_dd_pct": -6.006697574161546, "secs": 2.2}
{"test": "E_core", "delay": 1, "offset": 10, "decision_alpha_vs_qqq_pct": -138.11, "sharpe": 1.056585189212928, "max_dd_pct": -16.543506918630747, "secs": 1.5}
{"test": "T_core", "delay": 1, "offset": 11, "decision_alpha_vs_qqq_pct": -334.03, "sharpe": 0.9241573706664492, "max_dd_pct": -5.845671949862208, "secs": 2.0}
{"test": "E_core", "delay": 1, "offset": 11, "decision_alpha_vs_qqq_pct": -168.64, "sharpe": 1.1652613899511457, "max_dd_pct": -16.038797461028842, "secs": 1.6}
{"test": "T_core", "delay": 1, "offset": 12, "decision_alpha_vs_qqq_pct": -324.81, "sharpe": 0.980333083068046, "max_dd_pct": -5.658116392889556, "secs": 2.0}
{"test": "E_core", "delay": 1, "offset": 12, "decision_alpha_vs_qqq_pct": -168.34, "sharpe": 1.1515710195626143, "max_dd_pct": -15.301901307573374, "secs": 1.5}
{"test": "T_core", "delay": 1, "offset": 13, "decision_alpha_vs_qqq_pct": -313.86, "sharpe": 0.9629540081451146, "max_dd_pct": -5.8016178842861255, "secs": 2.0}
{"test": "E_core", "delay": 1, "offset": 13, "decision_alpha_vs_qqq_pct": -167.69, "sharpe": 1.1022518409187914, "max_dd_pct": -15.101153717804417, "secs": 1.5}
{"test": "T_core", "delay": 1, "offset": 14, "decision_alpha_vs_qqq_pct": -313.12, "sharpe": 0.9689591743508471, "max_dd_pct": -6.331982879739861, "secs": 2.2}
{"test": "E_core", "delay": 1, "offset": 14, "decision_alpha_vs_qqq_pct": -154.96, "sharpe": 1.1375378328943961, "max_dd_pct": -15.433427979074654, "secs": 1.5}
{"test": "T_core", "delay": 1, "offset": 15, "decision_alpha_vs_qqq_pct": -316.67, "sharpe": 1.0204812448720377, "max_dd_pct": -6.29311203500742, "secs": 2.1}
{"test": "E_core", "delay": 1, "offset": 15, "decision_alpha_vs_qqq_pct": -155.12, "sharpe": 1.0996427535785374, "max_dd_pct": -17.422863125184207, "secs": 1.5}
{"test": "T_core", "delay": 1, "offset": 16, "decision_alpha_vs_qqq_pct": -310.79, "sharpe": 1.071490512371304, "max_dd_pct": -6.228107730267107, "secs": 1.9}
{"test": "E_core", "delay": 1, "offset": 16, "decision_alpha_vs_qqq_pct": -151.51, "sharpe": 1.1062031538415662, "max_dd_pct": -14.72003198467654, "secs": 1.5}
{"test": "T_core", "delay": 1, "offset": 17, "decision_alpha_vs_qqq_pct": -315.44, "sharpe": 1.0471412335876924, "max_dd_pct": -5.696706202242519, "secs": 2.0}
{"test": "E_core", "delay": 1, "offset": 17, "decision_alpha_vs_qqq_pct": -135.28, "sharpe": 1.0836310601949968, "max_dd_pct": -15.436488018970095, "secs": 1.5}
{"test": "T_core", "delay": 1, "offset": 18, "decision_alpha_vs_qqq_pct": -320.09, "sharpe": 0.9965091449994427, "max_dd_pct": -5.190688402525745, "secs": 2.2}
{"test": "E_core", "delay": 1, "offset": 18, "decision_alpha_vs_qqq_pct": -159.54, "sharpe": 1.0542060652705467, "max_dd_pct": -14.111675219142661, "secs": 1.6}
{"test": "T_core", "delay": 1, "offset": 19, "decision_alpha_vs_qqq_pct": -313.4, "sharpe": 1.0151881459096321, "max_dd_pct": -5.813770277727381, "secs": 2.1}
{"test": "E_core", "delay": 1, "offset": 19, "decision_alpha_vs_qqq_pct": -154.46, "sharpe": 1.054056344119409, "max_dd_pct": -14.813606222360065, "secs": 1.5}
{
 "gates": {
  "W1_alpha_kept": false,
  "W2_delay_cost_halved": false,
  "W3_not_few_names": false,
  "V1_sharpe_and_dd": false,
  "T1_sharpe_vs_E": false,
  "T2_dd_vs_QQQ": true
 },
 "verdicts": {
  "W": "fails decision gates",
  "V": "fails decision gates",
  "T": "fails decision gates"
 }
}
