{"test": "S", "delay": 0, "offset": 0, "decision_alpha_vs_qqq_pct": 455.16, "secs": 5.3}
{"test": "S", "delay": 0, "offset": 1, "decision_alpha_vs_qqq_pct": 279.97, "secs": 3.0}
{"test": "S", "delay": 0, "offset": 2, "decision_alpha_vs_qqq_pct": 596.71, "secs": 3.0}
{"test": "S", "delay": 0, "offset": 3, "decision_alpha_vs_qqq_pct": 574.18, "secs": 2.9}
{"test": "S", "delay": 0, "offset": 4, "decision_alpha_vs_qqq_pct": 463.62, "secs": 2.9}
{"test": "S", "delay": 0, "offset": 5, "decision_alpha_vs_qqq_pct": 445.49, "secs": 2.9}
{"test": "S", "delay": 0, "offset": 6, "decision_alpha_vs_qqq_pct": 334.64, "secs": 2.9}
{"test": "S", "delay": 0, "offset": 7, "decision_alpha_vs_qqq_pct": 666.76, "secs": 3.0}
{"test": "S", "delay": 0, "offset": 8, "decision_alpha_vs_qqq_pct": 432.61, "secs": 3.1}
{"test": "S", "delay": 0, "offset": 9, "decision_alpha_vs_qqq_pct": 332.49, "secs": 2.9}
{"test": "S", "delay": 0, "offset": 10, "decision_alpha_vs_qqq_pct": 499.34, "secs": 3.0}
{"test": "S", "delay": 0, "offset": 11, "decision_alpha_vs_qqq_pct": 418.63, "secs": 3.1}
{"test": "S", "delay": 0, "offset": 12, "decision_alpha_vs_qqq_pct": 374.34, "secs": 3.1}
{"test": "S", "delay": 0, "offset": 13, "decision_alpha_vs_qqq_pct": 468.88, "secs": 2.9}
{"test": "S", "delay": 0, "offset": 14, "decision_alpha_vs_qqq_pct": 456.93, "secs": 2.9}
{"test": "S", "delay": 0, "offset": 15, "decision_alpha_vs_qqq_pct": 473.72, "secs": 2.9}
{"test": "S", "delay": 0, "offset": 16, "decision_alpha_vs_qqq_pct": 543.4, "secs": 3.0}
{"test": "S", "delay": 0, "offset": 17, "decision_alpha_vs_qqq_pct": 614.01, "secs": 3.0}
{"test": "S", "delay": 0, "offset": 18, "decision_alpha_vs_qqq_pct": 641.02, "secs": 2.9}
{"test": "S", "delay": 0, "offset": 19, "decision_alpha_vs_qqq_pct": 383.18, "secs": 3.0}
{"test": "S", "delay": 1, "offset": 0, "decision_alpha_vs_qqq_pct": 458.16, "secs": 3.0}
{"test": "S", "delay": 1, "offset": 1, "decision_alpha_vs_qqq_pct": 356.04, "secs": 3.1}
{"test": "S", "delay": 1, "offset": 2, "decision_alpha_vs_qqq_pct": 585.92, "secs": 3.0}
{"test": "S", "delay": 1, "offset": 3, "decision_alpha_vs_qqq_pct": 410.14, "secs": 3.0}
{"test": "S", "delay": 1, "offset": 4, "decision_alpha_vs_qqq_pct": 386.45, "secs": 3.0}
{"test": "S", "delay": 1, "offset": 5, "decision_alpha_vs_qqq_pct": 373.67, "secs": 3.0}
{"test": "S", "delay": 1, "offset": 6, "decision_alpha_vs_qqq_pct": 359.89, "secs": 3.1}
{"test": "S", "delay": 1, "offset": 7, "decision_alpha_vs_qqq_pct": 644.85, "secs": 2.9}
{"test": "S", "delay": 1, "offset": 8, "decision_alpha_vs_qqq_pct": 412.59, "secs": 3.0}
{"test": "S", "delay": 1, "offset": 9, "decision_alpha_vs_qqq_pct": 485.03, "secs": 3.0}
{"test": "S", "delay": 1, "offset": 10, "decision_alpha_vs_qqq_pct": 438.31, "secs": 3.0}
{"test": "S", "delay": 1, "offset": 11, "decision_alpha_vs_qqq_pct": 486.17, "secs": 3.2}
{"test": "S", "delay": 1, "offset": 12, "decision_alpha_vs_qqq_pct": 388.18, "secs": 3.0}
{"test": "S", "delay": 1, "offset": 13, "decision_alpha_vs_qqq_pct": 403.94, "secs": 3.0}
{"test": "S", "delay": 1, "offset": 14, "decision_alpha_vs_qqq_pct": 565.79, "secs": 3.0}
{"test": "S", "delay": 1, "offset": 15, "decision_alpha_vs_qqq_pct": 537.76, "secs": 3.1}
{"test": "S", "delay": 1, "offset": 16, "decision_alpha_vs_qqq_pct": 546.12, "secs": 3.1}
{"test": "S", "delay": 1, "offset": 17, "decision_alpha_vs_qqq_pct": 619.91, "secs": 3.0}
{"test": "S", "delay": 1, "offset": 18, "decision_alpha_vs_qqq_pct": 433.78, "secs": 3.0}
{"test": "S", "delay": 1, "offset": 19, "decision_alpha_vs_qqq_pct": 387.99, "secs": 2.9}
{"test": "Q", "delay": 0, "offset": 0, "decision_alpha_vs_qqq_pct": 8.38, "secs": 3.2}
{"test": "Q", "delay": 0, "offset": 1, "decision_alpha_vs_qqq_pct": -49.84, "secs": 2.9}
{"test": "Q", "delay": 0, "offset": 2, "decision_alpha_vs_qqq_pct": -18.64, "secs": 2.9}
{"test": "Q", "delay": 0, "offset": 3, "decision_alpha_vs_qqq_pct": 2.96, "secs": 3.1}
{"test": "Q", "delay": 0, "offset": 4, "decision_alpha_vs_qqq_pct": -0.87, "secs": 3.1}
{"test": "Q", "delay": 0, "offset": 5, "decision_alpha_vs_qqq_pct": 24.43, "secs": 3.0}
{"test": "Q", "delay": 0, "offset": 6, "decision_alpha_vs_qqq_pct": -44.21, "secs": 2.9}
{"test": "Q", "delay": 0, "offset": 7, "decision_alpha_vs_qqq_pct": -43.57, "secs": 2.9}
{"test": "Q", "delay": 0, "offset": 8, "decision_alpha_vs_qqq_pct": -42.38, "secs": 2.9}
{"test": "Q", "delay": 0, "offset": 9, "decision_alpha_vs_qqq_pct": -44.95, "secs": 3.1}
{"test": "Q", "delay": 0, "offset": 10, "decision_alpha_vs_qqq_pct": -31.04, "secs": 3.1}
{"test": "Q", "delay": 0, "offset": 11, "decision_alpha_vs_qqq_pct": -40.8, "secs": 3.1}
{"test": "Q", "delay": 0, "offset": 12, "decision_alpha_vs_qqq_pct": -50.95, "secs": 3.0}
{"test": "Q", "delay": 0, "offset": 13, "decision_alpha_vs_qqq_pct": -76.13, "secs": 2.9}
{"test": "Q", "delay": 0, "offset": 14, "decision_alpha_vs_qqq_pct": -32.56, "secs": 2.9}
{"test": "Q", "delay": 0, "offset": 15, "decision_alpha_vs_qqq_pct": -28.51, "secs": 2.9}
{"test": "Q", "delay": 0, "offset": 16, "decision_alpha_vs_qqq_pct": 28.85, "secs": 3.1}
{"test": "Q", "delay": 0, "offset": 17, "decision_alpha_vs_qqq_pct": 46.21, "secs": 2.9}
{"test": "Q", "delay": 0, "offset": 18, "decision_alpha_vs_qqq_pct": 65.26, "secs": 2.9}
{"test": "Q", "delay": 0, "offset": 19, "decision_alpha_vs_qqq_pct": -24.88, "secs": 3.0}
{"test": "Q", "delay": 1, "offset": 0, "decision_alpha_vs_qqq_pct": -32.7, "secs": 2.9}
{"test": "Q", "delay": 1, "offset": 1, "decision_alpha_vs_qqq_pct": -29.19, "secs": 2.9}
{"test": "Q", "delay": 1, "offset": 2, "decision_alpha_vs_qqq_pct": 21.3, "secs": 3.2}
{"test": "Q", "delay": 1, "offset": 3, "decision_alpha_vs_qqq_pct": -36.48, "secs": 3.0}
{"test": "Q", "delay": 1, "offset": 4, "decision_alpha_vs_qqq_pct": 22.98, "secs": 3.0}
{"test": "Q", "delay": 1, "offset": 5, "decision_alpha_vs_qqq_pct": 8.22, "secs": 3.0}
{"test": "Q", "delay": 1, "offset": 6, "decision_alpha_vs_qqq_pct": -37.8, "secs": 2.9}
{"test": "Q", "delay": 1, "offset": 7, "decision_alpha_vs_qqq_pct": -47.21, "secs": 2.9}
{"test": "Q", "delay": 1, "offset": 8, "decision_alpha_vs_qqq_pct": -25.31, "secs": 3.0}
{"test": "Q", "delay": 1, "offset": 9, "decision_alpha_vs_qqq_pct": -31.48, "secs": 3.1}
{"test": "Q", "delay": 1, "offset": 10, "decision_alpha_vs_qqq_pct": -58.4, "secs": 3.0}
{"test": "Q", "delay": 1, "offset": 11, "decision_alpha_vs_qqq_pct": -41.62, "secs": 3.0}
{"test": "Q", "delay": 1, "offset": 12, "decision_alpha_vs_qqq_pct": -39.48, "secs": 2.9}
{"test": "Q", "delay": 1, "offset": 13, "decision_alpha_vs_qqq_pct": -89.23, "secs": 3.0}
{"test": "Q", "delay": 1, "offset": 14, "decision_alpha_vs_qqq_pct": -26.95, "secs": 3.0}
{"test": "Q", "delay": 1, "offset": 15, "decision_alpha_vs_qqq_pct": -7.32, "secs": 3.0}
{"test": "Q", "delay": 1, "offset": 16, "decision_alpha_vs_qqq_pct": 7.47, "secs": 3.1}
{"test": "Q", "delay": 1, "offset": 17, "decision_alpha_vs_qqq_pct": 54.05, "secs": 3.0}
{"test": "Q", "delay": 1, "offset": 18, "decision_alpha_vs_qqq_pct": -6.45, "secs": 2.9}
{"test": "Q", "delay": 1, "offset": 19, "decision_alpha_vs_qqq_pct": -16.39, "secs": 2.9}
{"test": "M", "delay": 0, "offset": 0, "decision_alpha_vs_qqq_pct": 489.15, "secs": 3.3}
{"test": "M", "delay": 0, "offset": 1, "decision_alpha_vs_qqq_pct": 455.34, "secs": 2.9}
{"test": "M", "delay": 0, "offset": 2, "decision_alpha_vs_qqq_pct": 630.14, "secs": 2.9}
{"test": "M", "delay": 0, "offset": 3, "decision_alpha_vs_qqq_pct": 812.58, "secs": 2.9}
{"test": "M", "delay": 0, "offset": 4, "decision_alpha_vs_qqq_pct": 528.3, "secs": 3.1}
{"test": "M", "delay": 0, "offset": 5, "decision_alpha_vs_qqq_pct": 496.23, "secs": 2.9}
{"test": "M", "delay": 0, "offset": 6, "decision_alpha_vs_qqq_pct": 397.89, "secs": 2.9}
{"test": "M", "delay": 0, "offset": 7, "decision_alpha_vs_qqq_pct": 571.19, "secs": 2.9}
{"test": "M", "delay": 0, "offset": 8, "decision_alpha_vs_qqq_pct": 532.31, "secs": 2.9}
{"test": "M", "delay": 0, "offset": 9, "decision_alpha_vs_qqq_pct": 473.31, "secs": 3.0}
{"test": "M", "delay": 0, "offset": 10, "decision_alpha_vs_qqq_pct": 567.03, "secs": 2.9}
{"test": "M", "delay": 0, "offset": 11, "decision_alpha_vs_qqq_pct": 468.57, "secs": 3.2}
{"test": "M", "delay": 0, "offset": 12, "decision_alpha_vs_qqq_pct": 431.95, "secs": 3.0}
{"test": "M", "delay": 0, "offset": 13, "decision_alpha_vs_qqq_pct": 409.01, "secs": 3.0}
{"test": "M", "delay": 0, "offset": 14, "decision_alpha_vs_qqq_pct": 366.59, "secs": 2.9}
{"test": "M", "delay": 0, "offset": 15, "decision_alpha_vs_qqq_pct": 666.99, "secs": 2.9}
{"test": "M", "delay": 0, "offset": 16, "decision_alpha_vs_qqq_pct": 528.56, "secs": 2.9}
{"test": "M", "delay": 0, "offset": 17, "decision_alpha_vs_qqq_pct": 552.66, "secs": 2.9}
{"test": "M", "delay": 0, "offset": 18, "decision_alpha_vs_qqq_pct": 659.43, "secs": 2.9}
{"test": "M", "delay": 0, "offset": 19, "decision_alpha_vs_qqq_pct": 393.14, "secs": 3.1}
{"test": "M", "delay": 1, "offset": 0, "decision_alpha_vs_qqq_pct": 493.11, "secs": 2.9}
{"test": "M", "delay": 1, "offset": 1, "decision_alpha_vs_qqq_pct": 534.24, "secs": 3.0}
{"test": "M", "delay": 1, "offset": 2, "decision_alpha_vs_qqq_pct": 621.79, "secs": 2.9}
{"test": "M", "delay": 1, "offset": 3, "decision_alpha_vs_qqq_pct": 599.54, "secs": 3.0}
{"test": "M", "delay": 1, "offset": 4, "decision_alpha_vs_qqq_pct": 454.37, "secs": 3.0}
{"test": "M", "delay": 1, "offset": 5, "decision_alpha_vs_qqq_pct": 475.57, "secs": 3.0}
{"test": "M", "delay": 1, "offset": 6, "decision_alpha_vs_qqq_pct": 418.67, "secs": 3.1}
{"test": "M", "delay": 1, "offset": 7, "decision_alpha_vs_qqq_pct": 511.6, "secs": 3.2}
{"test": "M", "delay": 1, "offset": 8, "decision_alpha_vs_qqq_pct": 510.68, "secs": 3.0}
{"test": "M", "delay": 1, "offset": 9, "decision_alpha_vs_qqq_pct": 665.37, "secs": 2.9}
{"test": "M", "delay": 1, "offset": 10, "decision_alpha_vs_qqq_pct": 458.37, "secs": 2.9}
{"test": "M", "delay": 1, "offset": 11, "decision_alpha_vs_qqq_pct": 532.7, "secs": 3.0}
{"test": "M", "delay": 1, "offset": 12, "decision_alpha_vs_qqq_pct": 445.89, "secs": 3.0}
{"test": "M", "delay": 1, "offset": 13, "decision_alpha_vs_qqq_pct": 345.43, "secs": 3.2}
{"test": "M", "delay": 1, "offset": 14, "decision_alpha_vs_qqq_pct": 485.48, "secs": 2.9}
{"test": "M", "delay": 1, "offset": 15, "decision_alpha_vs_qqq_pct": 713.11, "secs": 3.0}
{"test": "M", "delay": 1, "offset": 16, "decision_alpha_vs_qqq_pct": 521.99, "secs": 3.0}
{"test": "M", "delay": 1, "offset": 17, "decision_alpha_vs_qqq_pct": 586.73, "secs": 3.2}
{"test": "M", "delay": 1, "offset": 18, "decision_alpha_vs_qqq_pct": 449.98, "secs": 3.3}
{"test": "M", "delay": 1, "offset": 19, "decision_alpha_vs_qqq_pct": 424.36, "secs": 3.3}
{"test": "N", "delay": 0, "offset": 0, "decision_alpha_vs_qqq_pct": 124.25, "secs": 3.5}
{"test": "N", "delay": 0, "offset": 1, "decision_alpha_vs_qqq_pct": 44.18, "secs": 3.1}
{"test": "N", "delay": 0, "offset": 2, "decision_alpha_vs_qqq_pct": 163.75, "secs": 3.1}
{"test": "N", "delay": 0, "offset": 3, "decision_alpha_vs_qqq_pct": 204.71, "secs": 3.5}
{"test": "N", "delay": 0, "offset": 4, "decision_alpha_vs_qqq_pct": 133.1, "secs": 2.9}
{"test": "N", "delay": 0, "offset": 5, "decision_alpha_vs_qqq_pct": 88.18, "secs": 2.9}
{"test": "N", "delay": 0, "offset": 6, "decision_alpha_vs_qqq_pct": 90.0, "secs": 3.2}
{"test": "N", "delay": 0, "offset": 7, "decision_alpha_vs_qqq_pct": 80.05, "secs": 3.0}
{"test": "N", "delay": 0, "offset": 8, "decision_alpha_vs_qqq_pct": 139.24, "secs": 2.9}
{"test": "N", "delay": 0, "offset": 9, "decision_alpha_vs_qqq_pct": 73.9, "secs": 3.0}
{"test": "N", "delay": 0, "offset": 10, "decision_alpha_vs_qqq_pct": 105.58, "secs": 2.9}
{"test": "N", "delay": 0, "offset": 11, "decision_alpha_vs_qqq_pct": 48.35, "secs": 3.4}
{"test": "N", "delay": 0, "offset": 12, "decision_alpha_vs_qqq_pct": 119.71, "secs": 3.1}
{"test": "N", "delay": 0, "offset": 13, "decision_alpha_vs_qqq_pct": 64.44, "secs": 3.0}
{"test": "N", "delay": 0, "offset": 14, "decision_alpha_vs_qqq_pct": 19.92, "secs": 3.0}
{"test": "N", "delay": 0, "offset": 15, "decision_alpha_vs_qqq_pct": 95.42, "secs": 3.5}
{"test": "N", "delay": 0, "offset": 16, "decision_alpha_vs_qqq_pct": 165.66, "secs": 3.0}
{"test": "N", "delay": 0, "offset": 17, "decision_alpha_vs_qqq_pct": 258.59, "secs": 3.1}
{"test": "N", "delay": 0, "offset": 18, "decision_alpha_vs_qqq_pct": 189.45, "secs": 3.0}
{"test": "N", "delay": 0, "offset": 19, "decision_alpha_vs_qqq_pct": 106.17, "secs": 3.0}
{"test": "N", "delay": 1, "offset": 0, "decision_alpha_vs_qqq_pct": 88.61, "secs": 3.4}
{"test": "N", "delay": 1, "offset": 1, "decision_alpha_vs_qqq_pct": 86.3, "secs": 3.1}
{"test": "N", "delay": 1, "offset": 2, "decision_alpha_vs_qqq_pct": 174.91, "secs": 3.0}
{"test": "N", "delay": 1, "offset": 3, "decision_alpha_vs_qqq_pct": 133.35, "secs": 3.1}
{"test": "N", "delay": 1, "offset": 4, "decision_alpha_vs_qqq_pct": 123.81, "secs": 3.0}
{"test": "N", "delay": 1, "offset": 5, "decision_alpha_vs_qqq_pct": 76.42, "secs": 3.0}
{"test": "N", "delay": 1, "offset": 6, "decision_alpha_vs_qqq_pct": 81.74, "secs": 2.9}
{"test": "N", "delay": 1, "offset": 7, "decision_alpha_vs_qqq_pct": 90.61, "secs": 3.0}
{"test": "N", "delay": 1, "offset": 8, "decision_alpha_vs_qqq_pct": 135.15, "secs": 3.3}
{"test": "N", "delay": 1, "offset": 9, "decision_alpha_vs_qqq_pct": 79.09, "secs": 3.1}
{"test": "N", "delay": 1, "offset": 10, "decision_alpha_vs_qqq_pct": 55.25, "secs": 3.0}
{"test": "N", "delay": 1, "offset": 11, "decision_alpha_vs_qqq_pct": 39.44, "secs": 3.0}
{"test": "N", "delay": 1, "offset": 12, "decision_alpha_vs_qqq_pct": 139.17, "secs": 3.0}
{"test": "N", "delay": 1, "offset": 13, "decision_alpha_vs_qqq_pct": 25.36, "secs": 3.1}
{"test": "N", "delay": 1, "offset": 14, "decision_alpha_vs_qqq_pct": 24.15, "secs": 3.0}
{"test": "N", "delay": 1, "offset": 15, "decision_alpha_vs_qqq_pct": 99.2, "secs": 2.9}
{"test": "N", "delay": 1, "offset": 16, "decision_alpha_vs_qqq_pct": 171.54, "secs": 3.0}
{"test": "N", "delay": 1, "offset": 17, "decision_alpha_vs_qqq_pct": 250.97, "secs": 3.2}
{"test": "N", "delay": 1, "offset": 18, "decision_alpha_vs_qqq_pct": 117.31, "secs": 3.0}
{"test": "N", "delay": 1, "offset": 19, "decision_alpha_vs_qqq_pct": 134.08, "secs": 3.0}
{"test": "Q_N3", "delay": 1, "offset": 0, "decision_alpha_vs_qqq_pct": -93.95, "secs": 3.3}
{"test": "Q_N3", "delay": 1, "offset": 1, "decision_alpha_vs_qqq_pct": -75.46, "secs": 3.0}
{"test": "Q_N3", "delay": 1, "offset": 2, "decision_alpha_vs_qqq_pct": -51.51, "secs": 3.3}
{"test": "Q_N3", "delay": 1, "offset": 3, "decision_alpha_vs_qqq_pct": -91.5, "secs": 3.1}
{"test": "Q_N3", "delay": 1, "offset": 4, "decision_alpha_vs_qqq_pct": -66.59, "secs": 3.0}
{"test": "Q_N3", "delay": 1, "offset": 5, "decision_alpha_vs_qqq_pct": -60.82, "secs": 3.0}
{"test": "Q_N3", "delay": 1, "offset": 6, "decision_alpha_vs_qqq_pct": -100.66, "secs": 3.0}
{"test": "Q_N3", "delay": 1, "offset": 7, "decision_alpha_vs_qqq_pct": -132.24, "secs": 3.0}
{"test": "Q_N3", "delay": 1, "offset": 8, "decision_alpha_vs_qqq_pct": -95.13, "secs": 3.0}
{"test": "Q_N3", "delay": 1, "offset": 9, "decision_alpha_vs_qqq_pct": -92.6, "secs": 3.2}
{"test": "Q_N3", "delay": 1, "offset": 10, "decision_alpha_vs_qqq_pct": -101.73, "secs": 3.1}
{"test": "Q_N3", "delay": 1, "offset": 11, "decision_alpha_vs_qqq_pct": -65.42, "secs": 3.4}
{"test": "Q_N3", "delay": 1, "offset": 12, "decision_alpha_vs_qqq_pct": -129.38, "secs": 3.1}
{"test": "Q_N3", "delay": 1, "offset": 13, "decision_alpha_vs_qqq_pct": -124.44, "secs": 3.0}
{"test": "Q_N3", "delay": 1, "offset": 14, "decision_alpha_vs_qqq_pct": -93.71, "secs": 2.9}
{"test": "Q_N3", "delay": 1, "offset": 15, "decision_alpha_vs_qqq_pct": -67.51, "secs": 3.0}
{"test": "Q_N3", "delay": 1, "offset": 16, "decision_alpha_vs_qqq_pct": -46.83, "secs": 2.9}
{"test": "Q_N3", "delay": 1, "offset": 17, "decision_alpha_vs_qqq_pct": -40.22, "secs": 3.2}
{"test": "Q_N3", "delay": 1, "offset": 18, "decision_alpha_vs_qqq_pct": -125.01, "secs": 3.0}
{"test": "Q_N3", "delay": 1, "offset": 19, "decision_alpha_vs_qqq_pct": -116.35, "secs": 3.1}
{"test": "N_N3", "delay": 1, "offset": 0, "decision_alpha_vs_qqq_pct": -1.45, "secs": 3.5}
{"test": "N_N3", "delay": 1, "offset": 1, "decision_alpha_vs_qqq_pct": 22.07, "secs": 2.9}
{"test": "N_N3", "delay": 1, "offset": 2, "decision_alpha_vs_qqq_pct": -7.55, "secs": 3.0}
{"test": "N_N3", "delay": 1, "offset": 3, "decision_alpha_vs_qqq_pct": -5.16, "secs": 3.0}
{"test": "N_N3", "delay": 1, "offset": 4, "decision_alpha_vs_qqq_pct": 2.85, "secs": 2.9}
{"test": "N_N3", "delay": 1, "offset": 5, "decision_alpha_vs_qqq_pct": -6.07, "secs": 3.2}
{"test": "N_N3", "delay": 1, "offset": 6, "decision_alpha_vs_qqq_pct": -16.82, "secs": 2.9}
{"test": "N_N3", "delay": 1, "offset": 7, "decision_alpha_vs_qqq_pct": 31.16, "secs": 3.2}
{"test": "N_N3", "delay": 1, "offset": 8, "decision_alpha_vs_qqq_pct": -3.3, "secs": 3.3}
{"test": "N_N3", "delay": 1, "offset": 9, "decision_alpha_vs_qqq_pct": 1.2, "secs": 3.3}
{"test": "N_N3", "delay": 1, "offset": 10, "decision_alpha_vs_qqq_pct": -58.15, "secs": 3.2}
{"test": "N_N3", "delay": 1, "offset": 11, "decision_alpha_vs_qqq_pct": -109.06, "secs": 3.5}
{"test": "N_N3", "delay": 1, "offset": 12, "decision_alpha_vs_qqq_pct": -73.75, "secs": 3.2}
{"test": "N_N3", "delay": 1, "offset": 13, "decision_alpha_vs_qqq_pct": -89.13, "secs": 2.9}
{"test": "N_N3", "delay": 1, "offset": 14, "decision_alpha_vs_qqq_pct": -116.96, "secs": 3.2}
{"test": "N_N3", "delay": 1, "offset": 15, "decision_alpha_vs_qqq_pct": -6.82, "secs": 2.9}
{"test": "N_N3", "delay": 1, "offset": 16, "decision_alpha_vs_qqq_pct": 51.77, "secs": 3.0}
{"test": "N_N3", "delay": 1, "offset": 17, "decision_alpha_vs_qqq_pct": 78.45, "secs": 3.1}
{"test": "N_N3", "delay": 1, "offset": 18, "decision_alpha_vs_qqq_pct": -22.85, "secs": 3.1}
{"test": "N_N3", "delay": 1, "offset": 19, "decision_alpha_vs_qqq_pct": 57.64, "secs": 3.0}
{
 "gates": {
  "Q_G1": false,
  "Q_G2": false,
  "M_G1": true,
  "M_G2": false,
  "N_G1": false,
  "N_G2": false
 },
 "verdicts": {
  "Q": "fails decision gates",
  "M": "fails decision gates",
  "N": "fails decision gates"
 }
}
