{"test": "S", "delay": 0, "offset": 0, "decision_alpha_vs_qqq_pct": 455.16, "diagnostic_alpha_vs_qqq_pct": 33.87, "decision_period_max_drawdown_pct": -22.28, "turnover_pct": 4354.41, "avg_overlay_positions": 3.0, "top_ticker_overlay_contributor": "NVDA", "secs": 6.0}
{"test": "P1", "delay": 0, "offset": 0, "decision_alpha_vs_qqq_pct": -228.74, "diagnostic_alpha_vs_qqq_pct": -96.91, "decision_period_max_drawdown_pct": -22.99, "periods_swapped": 208}
{"test": "S", "delay": 0, "offset": 1, "decision_alpha_vs_qqq_pct": 279.97, "diagnostic_alpha_vs_qqq_pct": -40.21, "decision_period_max_drawdown_pct": -23.1, "turnover_pct": 4602.76, "avg_overlay_positions": 3.0, "top_ticker_overlay_contributor": "NVDA", "secs": 3.0}
{"test": "P1", "delay": 0, "offset": 1, "decision_alpha_vs_qqq_pct": -237.33, "diagnostic_alpha_vs_qqq_pct": -109.25, "decision_period_max_drawdown_pct": -22.99, "periods_swapped": 208}
{"test": "S", "delay": 0, "offset": 2, "decision_alpha_vs_qqq_pct": 596.71, "diagnostic_alpha_vs_qqq_pct": 17.84, "decision_period_max_drawdown_pct": -21.41, "turnover_pct": 4445.29, "avg_overlay_positions": 3.0, "top_ticker_overlay_contributor": "NVDA", "secs": 3.2}
{"test": "P1", "delay": 0, "offset": 2, "decision_alpha_vs_qqq_pct": -204.61, "diagnostic_alpha_vs_qqq_pct": -92.03, "decision_period_max_drawdown_pct": -26.06, "periods_swapped": 208}
{"test": "S", "delay": 0, "offset": 3, "decision_alpha_vs_qqq_pct": 574.18, "diagnostic_alpha_vs_qqq_pct": 18.99, "decision_period_max_drawdown_pct": -20.12, "turnover_pct": 4585.01, "avg_overlay_positions": 3.0, "top_ticker_overlay_contributor": "NVDA", "secs": 3.0}
{"test": "P1", "delay": 0, "offset": 3, "decision_alpha_vs_qqq_pct": -192.46, "diagnostic_alpha_vs_qqq_pct": -102.89, "decision_period_max_drawdown_pct": -21.79, "periods_swapped": 208}
{"test": "S", "delay": 0, "offset": 4, "decision_alpha_vs_qqq_pct": 463.62, "diagnostic_alpha_vs_qqq_pct": 16.79, "decision_period_max_drawdown_pct": -22.44, "turnover_pct": 4738.27, "avg_overlay_positions": 3.0, "top_ticker_overlay_contributor": "NVDA", "secs": 3.1}
{"test": "P1", "delay": 0, "offset": 4, "decision_alpha_vs_qqq_pct": -212.74, "diagnostic_alpha_vs_qqq_pct": -95.23, "decision_period_max_drawdown_pct": -22.44, "periods_swapped": 208}
{"test": "S", "delay": 0, "offset": 5, "decision_alpha_vs_qqq_pct": 445.49, "diagnostic_alpha_vs_qqq_pct": 22.63, "decision_period_max_drawdown_pct": -24.19, "turnover_pct": 4767.8, "avg_overlay_positions": 3.0, "top_ticker_overlay_contributor": "NVDA", "secs": 3.1}
{"test": "P1", "delay": 0, "offset": 5, "decision_alpha_vs_qqq_pct": -207.19, "diagnostic_alpha_vs_qqq_pct": -86.64, "decision_period_max_drawdown_pct": -24.14, "periods_swapped": 208}
{"test": "S", "delay": 0, "offset": 6, "decision_alpha_vs_qqq_pct": 334.64, "diagnostic_alpha_vs_qqq_pct": 73.27, "decision_period_max_drawdown_pct": -26.84, "turnover_pct": 4828.98, "avg_overlay_positions": 3.0, "top_ticker_overlay_contributor": "NVDA", "secs": 3.1}
{"test": "P1", "delay": 0, "offset": 6, "decision_alpha_vs_qqq_pct": -241.99, "diagnostic_alpha_vs_qqq_pct": -62.2, "decision_period_max_drawdown_pct": -26.96, "periods_swapped": 208}
{"test": "S", "delay": 0, "offset": 7, "decision_alpha_vs_qqq_pct": 666.76, "diagnostic_alpha_vs_qqq_pct": 61.88, "decision_period_max_drawdown_pct": -27.8, "turnover_pct": 4305.24, "avg_overlay_positions": 3.0, "top_ticker_overlay_contributor": "NVDA", "secs": 3.1}
{"test": "P1", "delay": 0, "offset": 7, "decision_alpha_vs_qqq_pct": -194.78, "diagnostic_alpha_vs_qqq_pct": -69.9, "decision_period_max_drawdown_pct": -27.97, "periods_swapped": 208}
{"test": "S", "delay": 0, "offset": 8, "decision_alpha_vs_qqq_pct": 432.61, "diagnostic_alpha_vs_qqq_pct": 33.76, "decision_period_max_drawdown_pct": -28.47, "turnover_pct": 4451.82, "avg_overlay_positions": 3.0, "top_ticker_overlay_contributor": "NVDA", "secs": 3.1}
{"test": "P1", "delay": 0, "offset": 8, "decision_alpha_vs_qqq_pct": -233.21, "diagnostic_alpha_vs_qqq_pct": -82.58, "decision_period_max_drawdown_pct": -28.65, "periods_swapped": 208}
{"test": "S", "delay": 0, "offset": 9, "decision_alpha_vs_qqq_pct": 332.49, "diagnostic_alpha_vs_qqq_pct": 1.59, "decision_period_max_drawdown_pct": -25.43, "turnover_pct": 4650.84, "avg_overlay_positions": 3.0, "top_ticker_overlay_contributor": "NVDA", "secs": 3.0}
{"test": "P1", "delay": 0, "offset": 9, "decision_alpha_vs_qqq_pct": -254.23, "diagnostic_alpha_vs_qqq_pct": -90.13, "decision_period_max_drawdown_pct": -25.74, "periods_swapped": 208}
{"test": "S", "delay": 0, "offset": 10, "decision_alpha_vs_qqq_pct": 499.34, "diagnostic_alpha_vs_qqq_pct": -35.18, "decision_period_max_drawdown_pct": -25.14, "turnover_pct": 4577.18, "avg_overlay_positions": 3.0, "top_ticker_overlay_contributor": "NVDA", "secs": 2.9}
{"test": "P1", "delay": 0, "offset": 10, "decision_alpha_vs_qqq_pct": -234.87, "diagnostic_alpha_vs_qqq_pct": -118.19, "decision_period_max_drawdown_pct": -27.24, "periods_swapped": 208}
{"test": "S", "delay": 0, "offset": 11, "decision_alpha_vs_qqq_pct": 418.63, "diagnostic_alpha_vs_qqq_pct": -44.02, "decision_period_max_drawdown_pct": -22.6, "turnover_pct": 4700.92, "avg_overlay_positions": 3.0, "top_ticker_overlay_contributor": "NVDA", "secs": 3.0}
{"test": "P1", "delay": 0, "offset": 11, "decision_alpha_vs_qqq_pct": -225.87, "diagnostic_alpha_vs_qqq_pct": -115.58, "decision_period_max_drawdown_pct": -24.78, "periods_swapped": 208}
{"test": "S", "delay": 0, "offset": 12, "decision_alpha_vs_qqq_pct": 374.34, "diagnostic_alpha_vs_qqq_pct": -66.31, "decision_period_max_drawdown_pct": -19.06, "turnover_pct": 4791.01, "avg_overlay_positions": 3.0, "top_ticker_overlay_contributor": "NVDA", "secs": 3.2}
{"test": "P1", "delay": 0, "offset": 12, "decision_alpha_vs_qqq_pct": -247.53, "diagnostic_alpha_vs_qqq_pct": -144.93, "decision_period_max_drawdown_pct": -22.1, "periods_swapped": 208}
{"test": "S", "delay": 0, "offset": 13, "decision_alpha_vs_qqq_pct": 468.88, "diagnostic_alpha_vs_qqq_pct": -10.46, "decision_period_max_drawdown_pct": -19.84, "turnover_pct": 4913.93, "avg_overlay_positions": 3.0, "top_ticker_overlay_contributor": "NVDA", "secs": 3.2}
{"test": "P1", "delay": 0, "offset": 13, "decision_alpha_vs_qqq_pct": -258.27, "diagnostic_alpha_vs_qqq_pct": -112.98, "decision_period_max_drawdown_pct": -23.44, "periods_swapped": 208}
{"test": "S", "delay": 0, "offset": 14, "decision_alpha_vs_qqq_pct": 456.93, "diagnostic_alpha_vs_qqq_pct": 1.57, "decision_period_max_drawdown_pct": -15.9, "turnover_pct": 4789.1, "avg_overlay_positions": 3.0, "top_ticker_overlay_contributor": "NVDA", "secs": 3.2}
{"test": "P1", "delay": 0, "offset": 14, "decision_alpha_vs_qqq_pct": -227.45, "diagnostic_alpha_vs_qqq_pct": -112.78, "decision_period_max_drawdown_pct": -18.04, "periods_swapped": 208}
{"test": "S", "delay": 0, "offset": 15, "decision_alpha_vs_qqq_pct": 473.72, "diagnostic_alpha_vs_qqq_pct": 46.81, "decision_period_max_drawdown_pct": -16.25, "turnover_pct": 4857.92, "avg_overlay_positions": 3.0, "top_ticker_overlay_contributor": "NVDA", "secs": 3.2}
{"test": "P1", "delay": 0, "offset": 15, "decision_alpha_vs_qqq_pct": -203.87, "diagnostic_alpha_vs_qqq_pct": -105.32, "decision_period_max_drawdown_pct": -18.92, "periods_swapped": 208}
{"test": "S", "delay": 0, "offset": 16, "decision_alpha_vs_qqq_pct": 543.4, "diagnostic_alpha_vs_qqq_pct": 37.59, "decision_period_max_drawdown_pct": -18.48, "turnover_pct": 4641.87, "avg_overlay_positions": 3.0, "top_ticker_overlay_contributor": "NVDA", "secs": 3.1}
{"test": "P1", "delay": 0, "offset": 16, "decision_alpha_vs_qqq_pct": -197.24, "diagnostic_alpha_vs_qqq_pct": -111.6, "decision_period_max_drawdown_pct": -23.29, "periods_swapped": 208}
{"test": "S", "delay": 0, "offset": 17, "decision_alpha_vs_qqq_pct": 614.01, "diagnostic_alpha_vs_qqq_pct": 37.55, "decision_period_max_drawdown_pct": -17.7, "turnover_pct": 4914.43, "avg_overlay_positions": 3.0, "top_ticker_overlay_contributor": "NVDA", "secs": 3.1}
{"test": "P1", "delay": 0, "offset": 17, "decision_alpha_vs_qqq_pct": -224.59, "diagnostic_alpha_vs_qqq_pct": -96.87, "decision_period_max_drawdown_pct": -21.8, "periods_swapped": 208}
{"test": "S", "delay": 0, "offset": 18, "decision_alpha_vs_qqq_pct": 641.02, "diagnostic_alpha_vs_qqq_pct": 22.44, "decision_period_max_drawdown_pct": -21.62, "turnover_pct": 4787.12, "avg_overlay_positions": 3.0, "top_ticker_overlay_contributor": "NVDA", "secs": 3.0}
{"test": "P1", "delay": 0, "offset": 18, "decision_alpha_vs_qqq_pct": -180.05, "diagnostic_alpha_vs_qqq_pct": -106.75, "decision_period_max_drawdown_pct": -21.68, "periods_swapped": 208}
{"test": "S", "delay": 0, "offset": 19, "decision_alpha_vs_qqq_pct": 383.18, "diagnostic_alpha_vs_qqq_pct": -21.38, "decision_period_max_drawdown_pct": -21.31, "turnover_pct": 4562.17, "avg_overlay_positions": 3.0, "top_ticker_overlay_contributor": "NVDA", "secs": 3.0}
{"test": "P1", "delay": 0, "offset": 19, "decision_alpha_vs_qqq_pct": -265.38, "diagnostic_alpha_vs_qqq_pct": -114.75, "decision_period_max_drawdown_pct": -23.07, "periods_swapped": 208}
{"test": "S", "delay": 1, "offset": 0, "decision_alpha_vs_qqq_pct": 458.16, "diagnostic_alpha_vs_qqq_pct": -13.28, "decision_period_max_drawdown_pct": -22.77, "turnover_pct": 4354.41, "avg_overlay_positions": 3.0, "top_ticker_overlay_contributor": "NVDA", "secs": 3.0}
{"test": "S", "delay": 1, "offset": 1, "decision_alpha_vs_qqq_pct": 356.04, "diagnostic_alpha_vs_qqq_pct": -27.7, "decision_period_max_drawdown_pct": -21.38, "turnover_pct": 4602.76, "avg_overlay_positions": 3.0, "top_ticker_overlay_contributor": "NVDA", "secs": 3.2}
{"test": "S", "delay": 1, "offset": 2, "decision_alpha_vs_qqq_pct": 585.92, "diagnostic_alpha_vs_qqq_pct": 22.03, "decision_period_max_drawdown_pct": -20.56, "turnover_pct": 4445.29, "avg_overlay_positions": 3.0, "top_ticker_overlay_contributor": "NVDA", "secs": 3.4}
{"test": "S", "delay": 1, "offset": 3, "decision_alpha_vs_qqq_pct": 410.14, "diagnostic_alpha_vs_qqq_pct": -0.17, "decision_period_max_drawdown_pct": -22.58, "turnover_pct": 4585.01, "avg_overlay_positions": 3.0, "top_ticker_overlay_contributor": "NVDA", "secs": 3.5}
{"test": "S", "delay": 1, "offset": 4, "decision_alpha_vs_qqq_pct": 386.45, "diagnostic_alpha_vs_qqq_pct": 42.78, "decision_period_max_drawdown_pct": -23.12, "turnover_pct": 4738.27, "avg_overlay_positions": 3.0, "top_ticker_overlay_contributor": "NVDA", "secs": 3.6}
{"test": "S", "delay": 1, "offset": 5, "decision_alpha_vs_qqq_pct": 373.67, "diagnostic_alpha_vs_qqq_pct": 34.32, "decision_period_max_drawdown_pct": -28.0, "turnover_pct": 4767.8, "avg_overlay_positions": 3.0, "top_ticker_overlay_contributor": "NVDA", "secs": 3.5}
{"test": "S", "delay": 1, "offset": 6, "decision_alpha_vs_qqq_pct": 359.89, "diagnostic_alpha_vs_qqq_pct": 68.43, "decision_period_max_drawdown_pct": -27.72, "turnover_pct": 4828.98, "avg_overlay_positions": 3.0, "top_ticker_overlay_contributor": "NVDA", "secs": 3.7}
{"test": "S", "delay": 1, "offset": 7, "decision_alpha_vs_qqq_pct": 644.85, "diagnostic_alpha_vs_qqq_pct": 64.03, "decision_period_max_drawdown_pct": -28.49, "turnover_pct": 4305.24, "avg_overlay_positions": 3.0, "top_ticker_overlay_contributor": "NVDA", "secs": 3.6}
{"test": "S", "delay": 1, "offset": 8, "decision_alpha_vs_qqq_pct": 412.59, "diagnostic_alpha_vs_qqq_pct": 22.18, "decision_period_max_drawdown_pct": -25.59, "turnover_pct": 4451.82, "avg_overlay_positions": 3.0, "top_ticker_overlay_contributor": "MU", "secs": 3.8}
{"test": "S", "delay": 1, "offset": 9, "decision_alpha_vs_qqq_pct": 485.03, "diagnostic_alpha_vs_qqq_pct": -33.71, "decision_period_max_drawdown_pct": -23.3, "turnover_pct": 4650.84, "avg_overlay_positions": 3.0, "top_ticker_overlay_contributor": "NVDA", "secs": 3.6}
{"test": "S", "delay": 1, "offset": 10, "decision_alpha_vs_qqq_pct": 438.31, "diagnostic_alpha_vs_qqq_pct": -35.05, "decision_period_max_drawdown_pct": -24.15, "turnover_pct": 4577.18, "avg_overlay_positions": 3.0, "top_ticker_overlay_contributor": "NVDA", "secs": 3.5}
{"test": "S", "delay": 1, "offset": 11, "decision_alpha_vs_qqq_pct": 486.17, "diagnostic_alpha_vs_qqq_pct": -61.72, "decision_period_max_drawdown_pct": -17.41, "turnover_pct": 4700.92, "avg_overlay_positions": 3.0, "top_ticker_overlay_contributor": "NVDA", "secs": 3.6}
{"test": "S", "delay": 1, "offset": 12, "decision_alpha_vs_qqq_pct": 388.18, "diagnostic_alpha_vs_qqq_pct": -56.55, "decision_period_max_drawdown_pct": -17.6, "turnover_pct": 4791.01, "avg_overlay_positions": 3.0, "top_ticker_overlay_contributor": "NVDA", "secs": 3.2}
{"test": "S", "delay": 1, "offset": 13, "decision_alpha_vs_qqq_pct": 403.94, "diagnostic_alpha_vs_qqq_pct": -13.94, "decision_period_max_drawdown_pct": -17.55, "turnover_pct": 4913.93, "avg_overlay_positions": 3.0, "top_ticker_overlay_contributor": "NVDA", "secs": 3.0}
{"test": "S", "delay": 1, "offset": 14, "decision_alpha_vs_qqq_pct": 565.79, "diagnostic_alpha_vs_qqq_pct": 20.9, "decision_period_max_drawdown_pct": -14.69, "turnover_pct": 4789.1, "avg_overlay_positions": 3.0, "top_ticker_overlay_contributor": "NVDA", "secs": 3.0}
{"test": "S", "delay": 1, "offset": 15, "decision_alpha_vs_qqq_pct": 537.76, "diagnostic_alpha_vs_qqq_pct": 28.18, "decision_period_max_drawdown_pct": -15.48, "turnover_pct": 4857.92, "avg_overlay_positions": 3.0, "top_ticker_overlay_contributor": "NVDA", "secs": 3.0}
{"test": "S", "delay": 1, "offset": 16, "decision_alpha_vs_qqq_pct": 546.12, "diagnostic_alpha_vs_qqq_pct": 37.81, "decision_period_max_drawdown_pct": -18.45, "turnover_pct": 4641.87, "avg_overlay_positions": 3.0, "top_ticker_overlay_contributor": "NVDA", "secs": 3.2}
{"test": "S", "delay": 1, "offset": 17, "decision_alpha_vs_qqq_pct": 619.91, "diagnostic_alpha_vs_qqq_pct": 42.5, "decision_period_max_drawdown_pct": -22.21, "turnover_pct": 4914.43, "avg_overlay_positions": 3.0, "top_ticker_overlay_contributor": "NVDA", "secs": 3.0}
{"test": "S", "delay": 1, "offset": 18, "decision_alpha_vs_qqq_pct": 433.78, "diagnostic_alpha_vs_qqq_pct": 34.09, "decision_period_max_drawdown_pct": -22.53, "turnover_pct": 4787.12, "avg_overlay_positions": 3.0, "top_ticker_overlay_contributor": "NVDA", "secs": 3.1}
{"test": "S", "delay": 1, "offset": 19, "decision_alpha_vs_qqq_pct": 387.99, "diagnostic_alpha_vs_qqq_pct": 11.97, "decision_period_max_drawdown_pct": -20.01, "turnover_pct": 4554.78, "avg_overlay_positions": 3.0, "top_ticker_overlay_contributor": "NVDA", "secs": 3.2}
[top names] chosen before N1/N3: ['NVDA', 'AMD', 'FCX']
{"test": "N1", "delay": 0, "offset": 0, "decision_alpha_vs_qqq_pct": 223.75, "diagnostic_alpha_vs_qqq_pct": -1.7, "decision_period_max_drawdown_pct": -22.36, "turnover_pct": 4527.03, "avg_overlay_positions": 3.0, "top_ticker_overlay_contributor": "MU", "secs": 3.4}
{"test": "N1", "delay": 0, "offset": 1, "decision_alpha_vs_qqq_pct": 140.43, "diagnostic_alpha_vs_qqq_pct": -63.07, "decision_period_max_drawdown_pct": -23.15, "turnover_pct": 4772.7, "avg_overlay_positions": 3.0, "top_ticker_overlay_contributor": "AVGO", "secs": 3.0}
{"test": "N1", "delay": 0, "offset": 2, "decision_alpha_vs_qqq_pct": 299.94, "diagnostic_alpha_vs_qqq_pct": -11.77, "decision_period_max_drawdown_pct": -21.41, "turnover_pct": 4616.33, "avg_overlay_positions": 3.0, "top_ticker_overlay_contributor": "AVGO", "secs": 3.2}
{"test": "N1", "delay": 0, "offset": 3, "decision_alpha_vs_qqq_pct": 326.33, "diagnostic_alpha_vs_qqq_pct": -26.55, "decision_period_max_drawdown_pct": -21.13, "turnover_pct": 4776.48, "avg_overlay_positions": 3.0, "top_ticker_overlay_contributor": "NFLX", "secs": 3.0}
{"test": "N1", "delay": 0, "offset": 4, "decision_alpha_vs_qqq_pct": 300.35, "diagnostic_alpha_vs_qqq_pct": 10.23, "decision_period_max_drawdown_pct": -22.44, "turnover_pct": 4726.68, "avg_overlay_positions": 3.0, "top_ticker_overlay_contributor": "MU", "secs": 3.1}
{"test": "N1", "delay": 0, "offset": 5, "decision_alpha_vs_qqq_pct": 226.75, "diagnostic_alpha_vs_qqq_pct": 19.52, "decision_period_max_drawdown_pct": -24.19, "turnover_pct": 4789.5, "avg_overlay_positions": 3.0, "top_ticker_overlay_contributor": "MU", "secs": 3.0}
{"test": "N1", "delay": 0, "offset": 6, "decision_alpha_vs_qqq_pct": 185.31, "diagnostic_alpha_vs_qqq_pct": 36.96, "decision_period_max_drawdown_pct": -26.84, "turnover_pct": 5085.05, "avg_overlay_positions": 3.0, "top_ticker_overlay_contributor": "MU", "secs": 3.1}
{"test": "N1", "delay": 0, "offset": 7, "decision_alpha_vs_qqq_pct": 386.78, "diagnostic_alpha_vs_qqq_pct": 48.15, "decision_period_max_drawdown_pct": -27.81, "turnover_pct": 4447.22, "avg_overlay_positions": 3.0, "top_ticker_overlay_contributor": "MU", "secs": 3.5}
{"test": "N1", "delay": 0, "offset": 8, "decision_alpha_vs_qqq_pct": 183.73, "diagnostic_alpha_vs_qqq_pct": 18.85, "decision_period_max_drawdown_pct": -30.04, "turnover_pct": 4680.45, "avg_overlay_positions": 3.0, "top_ticker_overlay_contributor": "MU", "secs": 3.4}
{"test": "N1", "delay": 0, "offset": 9, "decision_alpha_vs_qqq_pct": 173.07, "diagnostic_alpha_vs_qqq_pct": -8.14, "decision_period_max_drawdown_pct": -25.53, "turnover_pct": 4712.96, "avg_overlay_positions": 3.0, "top_ticker_overlay_contributor": "AVGO", "secs": 3.6}
{"test": "N1", "delay": 0, "offset": 10, "decision_alpha_vs_qqq_pct": 301.17, "diagnostic_alpha_vs_qqq_pct": -44.76, "decision_period_max_drawdown_pct": -25.12, "turnover_pct": 4727.5, "avg_overlay_positions": 3.0, "top_ticker_overlay_contributor": "AVGO", "secs": 3.4}
{"test": "N1", "delay": 0, "offset": 11, "decision_alpha_vs_qqq_pct": 291.71, "diagnostic_alpha_vs_qqq_pct": -35.86, "decision_period_max_drawdown_pct": -22.61, "turnover_pct": 4866.61, "avg_overlay_positions": 3.0, "top_ticker_overlay_contributor": "AVGO", "secs": 3.5}
{"test": "N1", "delay": 0, "offset": 12, "decision_alpha_vs_qqq_pct": 251.76, "diagnostic_alpha_vs_qqq_pct": -69.58, "decision_period_max_drawdown_pct": -17.25, "turnover_pct": 4912.38, "avg_overlay_positions": 3.0, "top_ticker_overlay_contributor": "AVGO", "secs": 3.4}
{"test": "N1", "delay": 0, "offset": 13, "decision_alpha_vs_qqq_pct": 274.77, "diagnostic_alpha_vs_qqq_pct": -22.63, "decision_period_max_drawdown_pct": -17.97, "turnover_pct": 5052.22, "avg_overlay_positions": 3.0, "top_ticker_overlay_contributor": "FCX", "secs": 4.1}
{"test": "N1", "delay": 0, "offset": 14, "decision_alpha_vs_qqq_pct": 187.9, "diagnostic_alpha_vs_qqq_pct": -11.81, "decision_period_max_drawdown_pct": -15.9, "turnover_pct": 5141.12, "avg_overlay_positions": 3.0, "top_ticker_overlay_contributor": "NFLX", "secs": 3.5}
{"test": "N1", "delay": 0, "offset": 15, "decision_alpha_vs_qqq_pct": 289.82, "diagnostic_alpha_vs_qqq_pct": 5.56, "decision_period_max_drawdown_pct": -16.25, "turnover_pct": 5069.58, "avg_overlay_positions": 3.0, "top_ticker_overlay_contributor": "AVGO", "secs": 3.4}
{"test": "N1", "delay": 0, "offset": 16, "decision_alpha_vs_qqq_pct": 237.59, "diagnostic_alpha_vs_qqq_pct": 12.93, "decision_period_max_drawdown_pct": -18.48, "turnover_pct": 4907.73, "avg_overlay_positions": 3.0, "top_ticker_overlay_contributor": "MU", "secs": 3.4}
{"test": "N1", "delay": 0, "offset": 17, "decision_alpha_vs_qqq_pct": 254.17, "diagnostic_alpha_vs_qqq_pct": 2.99, "decision_period_max_drawdown_pct": -17.7, "turnover_pct": 5099.65, "avg_overlay_positions": 3.0, "top_ticker_overlay_contributor": "MU", "secs": 3.1}
{"test": "N1", "delay": 0, "offset": 18, "decision_alpha_vs_qqq_pct": 417.8, "diagnostic_alpha_vs_qqq_pct": -15.71, "decision_period_max_drawdown_pct": -20.02, "turnover_pct": 4948.79, "avg_overlay_positions": 3.0, "top_ticker_overlay_contributor": "NFLX", "secs": 3.0}
{"test": "N1", "delay": 0, "offset": 19, "decision_alpha_vs_qqq_pct": 180.41, "diagnostic_alpha_vs_qqq_pct": -50.44, "decision_period_max_drawdown_pct": -21.27, "turnover_pct": 4744.09, "avg_overlay_positions": 3.0, "top_ticker_overlay_contributor": "MU", "secs": 3.0}
{"test": "N1", "delay": 1, "offset": 0, "decision_alpha_vs_qqq_pct": 210.98, "diagnostic_alpha_vs_qqq_pct": -45.5, "decision_period_max_drawdown_pct": -22.7, "turnover_pct": 4527.03, "avg_overlay_positions": 3.0, "top_ticker_overlay_contributor": "MU", "secs": 3.3}
{"test": "N1", "delay": 1, "offset": 1, "decision_alpha_vs_qqq_pct": 173.19, "diagnostic_alpha_vs_qqq_pct": -52.57, "decision_period_max_drawdown_pct": -25.68, "turnover_pct": 4772.7, "avg_overlay_positions": 3.0, "top_ticker_overlay_contributor": "AVGO", "secs": 3.0}
{"test": "N1", "delay": 1, "offset": 2, "decision_alpha_vs_qqq_pct": 309.58, "diagnostic_alpha_vs_qqq_pct": -6.7, "decision_period_max_drawdown_pct": -20.56, "turnover_pct": 4616.33, "avg_overlay_positions": 3.0, "top_ticker_overlay_contributor": "AVGO", "secs": 3.0}
{"test": "N1", "delay": 1, "offset": 3, "decision_alpha_vs_qqq_pct": 226.86, "diagnostic_alpha_vs_qqq_pct": -35.07, "decision_period_max_drawdown_pct": -22.58, "turnover_pct": 4776.48, "avg_overlay_positions": 3.0, "top_ticker_overlay_contributor": "NFLX", "secs": 3.0}
{"test": "N1", "delay": 1, "offset": 4, "decision_alpha_vs_qqq_pct": 221.01, "diagnostic_alpha_vs_qqq_pct": 27.61, "decision_period_max_drawdown_pct": -23.12, "turnover_pct": 4726.68, "avg_overlay_positions": 3.0, "top_ticker_overlay_contributor": "MU", "secs": 3.0}
{"test": "N1", "delay": 1, "offset": 5, "decision_alpha_vs_qqq_pct": 169.13, "diagnostic_alpha_vs_qqq_pct": 33.32, "decision_period_max_drawdown_pct": -28.0, "turnover_pct": 4789.5, "avg_overlay_positions": 3.0, "top_ticker_overlay_contributor": "MU", "secs": 3.0}
{"test": "N1", "delay": 1, "offset": 6, "decision_alpha_vs_qqq_pct": 223.7, "diagnostic_alpha_vs_qqq_pct": 32.21, "decision_period_max_drawdown_pct": -27.72, "turnover_pct": 5085.05, "avg_overlay_positions": 3.0, "top_ticker_overlay_contributor": "MU", "secs": 3.1}
{"test": "N1", "delay": 1, "offset": 7, "decision_alpha_vs_qqq_pct": 357.16, "diagnostic_alpha_vs_qqq_pct": 47.77, "decision_period_max_drawdown_pct": -28.5, "turnover_pct": 4447.22, "avg_overlay_positions": 3.0, "top_ticker_overlay_contributor": "MU", "secs": 3.0}
{"test": "N1", "delay": 1, "offset": 8, "decision_alpha_vs_qqq_pct": 200.71, "diagnostic_alpha_vs_qqq_pct": 14.8, "decision_period_max_drawdown_pct": -26.94, "turnover_pct": 4680.45, "avg_overlay_positions": 3.0, "top_ticker_overlay_contributor": "MU", "secs": 3.0}
{"test": "N1", "delay": 1, "offset": 9, "decision_alpha_vs_qqq_pct": 248.5, "diagnostic_alpha_vs_qqq_pct": -41.84, "decision_period_max_drawdown_pct": -23.48, "turnover_pct": 4712.96, "avg_overlay_positions": 3.0, "top_ticker_overlay_contributor": "AVGO", "secs": 3.0}
{"test": "N1", "delay": 1, "offset": 10, "decision_alpha_vs_qqq_pct": 272.45, "diagnostic_alpha_vs_qqq_pct": -40.58, "decision_period_max_drawdown_pct": -22.99, "turnover_pct": 4727.5, "avg_overlay_positions": 3.0, "top_ticker_overlay_contributor": "AVGO", "secs": 3.0}
{"test": "N1", "delay": 1, "offset": 11, "decision_alpha_vs_qqq_pct": 344.92, "diagnostic_alpha_vs_qqq_pct": -55.53, "decision_period_max_drawdown_pct": -16.69, "turnover_pct": 4866.61, "avg_overlay_positions": 3.0, "top_ticker_overlay_contributor": "MU", "secs": 3.0}
{"test": "N1", "delay": 1, "offset": 12, "decision_alpha_vs_qqq_pct": 245.73, "diagnostic_alpha_vs_qqq_pct": -61.35, "decision_period_max_drawdown_pct": -15.68, "turnover_pct": 4912.38, "avg_overlay_positions": 3.0, "top_ticker_overlay_contributor": "AVGO", "secs": 3.1}
{"test": "N1", "delay": 1, "offset": 13, "decision_alpha_vs_qqq_pct": 203.36, "diagnostic_alpha_vs_qqq_pct": -21.4, "decision_period_max_drawdown_pct": -17.0, "turnover_pct": 5052.22, "avg_overlay_positions": 3.0, "top_ticker_overlay_contributor": "FCX", "secs": 3.0}
{"test": "N1", "delay": 1, "offset": 14, "decision_alpha_vs_qqq_pct": 304.52, "diagnostic_alpha_vs_qqq_pct": 2.64, "decision_period_max_drawdown_pct": -14.7, "turnover_pct": 5141.12, "avg_overlay_positions": 3.0, "top_ticker_overlay_contributor": "NFLX", "secs": 3.0}
{"test": "N1", "delay": 1, "offset": 15, "decision_alpha_vs_qqq_pct": 348.02, "diagnostic_alpha_vs_qqq_pct": -2.47, "decision_period_max_drawdown_pct": -15.47, "turnover_pct": 5069.58, "avg_overlay_positions": 3.0, "top_ticker_overlay_contributor": "MU", "secs": 3.0}
{"test": "N1", "delay": 1, "offset": 16, "decision_alpha_vs_qqq_pct": 237.41, "diagnostic_alpha_vs_qqq_pct": 3.63, "decision_period_max_drawdown_pct": -18.45, "turnover_pct": 4907.73, "avg_overlay_positions": 3.0, "top_ticker_overlay_contributor": "MU", "secs": 3.0}
{"test": "N1", "delay": 1, "offset": 17, "decision_alpha_vs_qqq_pct": 273.55, "diagnostic_alpha_vs_qqq_pct": 1.02, "decision_period_max_drawdown_pct": -20.05, "turnover_pct": 5099.65, "avg_overlay_positions": 3.0, "top_ticker_overlay_contributor": "MU", "secs": 3.0}
{"test": "N1", "delay": 1, "offset": 18, "decision_alpha_vs_qqq_pct": 228.69, "diagnostic_alpha_vs_qqq_pct": -2.05, "decision_period_max_drawdown_pct": -22.92, "turnover_pct": 4948.79, "avg_overlay_positions": 3.0, "top_ticker_overlay_contributor": "MU", "secs": 3.2}
{"test": "N1", "delay": 1, "offset": 19, "decision_alpha_vs_qqq_pct": 157.46, "diagnostic_alpha_vs_qqq_pct": -20.7, "decision_period_max_drawdown_pct": -20.52, "turnover_pct": 4736.67, "avg_overlay_positions": 3.0, "top_ticker_overlay_contributor": "MU", "secs": 3.0}
{"test": "N3", "delay": 0, "offset": 0, "decision_alpha_vs_qqq_pct": 194.96, "diagnostic_alpha_vs_qqq_pct": 5.63, "decision_period_max_drawdown_pct": -20.32, "turnover_pct": 4528.57, "avg_overlay_positions": 3.0, "top_ticker_overlay_contributor": "MU", "secs": 3.3}
{"test": "N3", "delay": 0, "offset": 1, "decision_alpha_vs_qqq_pct": 70.57, "diagnostic_alpha_vs_qqq_pct": -49.71, "decision_period_max_drawdown_pct": -20.48, "turnover_pct": 4762.66, "avg_overlay_positions": 3.0, "top_ticker_overlay_contributor": "AVGO", "secs": 2.9}
{"test": "N3", "delay": 0, "offset": 2, "decision_alpha_vs_qqq_pct": 201.94, "diagnostic_alpha_vs_qqq_pct": -6.01, "decision_period_max_drawdown_pct": -22.16, "turnover_pct": 4631.01, "avg_overlay_positions": 3.0, "top_ticker_overlay_contributor": "AVGO", "secs": 3.0}
{"test": "N3", "delay": 0, "offset": 3, "decision_alpha_vs_qqq_pct": 347.02, "diagnostic_alpha_vs_qqq_pct": -2.61, "decision_period_max_drawdown_pct": -20.64, "turnover_pct": 4825.83, "avg_overlay_positions": 3.0, "top_ticker_overlay_contributor": "AVGO", "secs": 2.9}
{"test": "N3", "delay": 0, "offset": 4, "decision_alpha_vs_qqq_pct": 255.08, "diagnostic_alpha_vs_qqq_pct": 11.55, "decision_period_max_drawdown_pct": -23.35, "turnover_pct": 4648.01, "avg_overlay_positions": 3.0, "top_ticker_overlay_contributor": "MU", "secs": 2.9}
{"test": "N3", "delay": 0, "offset": 5, "decision_alpha_vs_qqq_pct": 287.25, "diagnostic_alpha_vs_qqq_pct": 59.73, "decision_period_max_drawdown_pct": -23.93, "turnover_pct": 4684.16, "avg_overlay_positions": 3.0, "top_ticker_overlay_contributor": "MU", "secs": 2.9}
{"test": "N3", "delay": 0, "offset": 6, "decision_alpha_vs_qqq_pct": 170.43, "diagnostic_alpha_vs_qqq_pct": 48.66, "decision_period_max_drawdown_pct": -28.12, "turnover_pct": 4878.46, "avg_overlay_positions": 3.0, "top_ticker_overlay_contributor": "MU", "secs": 2.9}
{"test": "N3", "delay": 0, "offset": 7, "decision_alpha_vs_qqq_pct": 298.47, "diagnostic_alpha_vs_qqq_pct": 62.31, "decision_period_max_drawdown_pct": -28.54, "turnover_pct": 4402.71, "avg_overlay_positions": 3.0, "top_ticker_overlay_contributor": "MU", "secs": 3.2}
{"test": "N3", "delay": 0, "offset": 8, "decision_alpha_vs_qqq_pct": 257.92, "diagnostic_alpha_vs_qqq_pct": 54.1, "decision_period_max_drawdown_pct": -30.17, "turnover_pct": 4589.92, "avg_overlay_positions": 3.0, "top_ticker_overlay_contributor": "MU", "secs": 3.0}
{"test": "N3", "delay": 0, "offset": 9, "decision_alpha_vs_qqq_pct": 97.61, "diagnostic_alpha_vs_qqq_pct": 33.31, "decision_period_max_drawdown_pct": -27.25, "turnover_pct": 4658.25, "avg_overlay_positions": 3.0, "top_ticker_overlay_contributor": "AVGO", "secs": 2.9}
{"test": "N3", "delay": 0, "offset": 10, "decision_alpha_vs_qqq_pct": 124.17, "diagnostic_alpha_vs_qqq_pct": -32.75, "decision_period_max_drawdown_pct": -27.03, "turnover_pct": 4652.35, "avg_overlay_positions": 3.0, "top_ticker_overlay_contributor": "AVGO", "secs": 2.9}
{"test": "N3", "delay": 0, "offset": 11, "decision_alpha_vs_qqq_pct": 125.55, "diagnostic_alpha_vs_qqq_pct": -13.07, "decision_period_max_drawdown_pct": -24.06, "turnover_pct": 4877.43, "avg_overlay_positions": 3.0, "top_ticker_overlay_contributor": "MU", "secs": 2.9}
{"test": "N3", "delay": 0, "offset": 12, "decision_alpha_vs_qqq_pct": 59.99, "diagnostic_alpha_vs_qqq_pct": -67.02, "decision_period_max_drawdown_pct": -19.01, "turnover_pct": 4949.88, "avg_overlay_positions": 3.0, "top_ticker_overlay_contributor": "AVGO", "secs": 3.2}
{"test": "N3", "delay": 0, "offset": 13, "decision_alpha_vs_qqq_pct": 104.33, "diagnostic_alpha_vs_qqq_pct": -22.3, "decision_period_max_drawdown_pct": -19.69, "turnover_pct": 5128.16, "avg_overlay_positions": 3.0, "top_ticker_overlay_contributor": "NFLX", "secs": 3.1}
{"test": "N3", "delay": 0, "offset": 14, "decision_alpha_vs_qqq_pct": 139.2, "diagnostic_alpha_vs_qqq_pct": -12.01, "decision_period_max_drawdown_pct": -15.9, "turnover_pct": 5150.0, "avg_overlay_positions": 3.0, "top_ticker_overlay_contributor": "AVGO", "secs": 3.2}
{"test": "N3", "delay": 0, "offset": 15, "decision_alpha_vs_qqq_pct": 226.45, "diagnostic_alpha_vs_qqq_pct": 18.1, "decision_period_max_drawdown_pct": -16.73, "turnover_pct": 5070.72, "avg_overlay_positions": 3.0, "top_ticker_overlay_contributor": "AVGO", "secs": 3.3}
{"test": "N3", "delay": 0, "offset": 16, "decision_alpha_vs_qqq_pct": 306.67, "diagnostic_alpha_vs_qqq_pct": 26.21, "decision_period_max_drawdown_pct": -14.39, "turnover_pct": 5027.01, "avg_overlay_positions": 3.0, "top_ticker_overlay_contributor": "MU", "secs": 3.1}
{"test": "N3", "delay": 0, "offset": 17, "decision_alpha_vs_qqq_pct": 325.87, "diagnostic_alpha_vs_qqq_pct": 7.1, "decision_period_max_drawdown_pct": -18.29, "turnover_pct": 5086.03, "avg_overlay_positions": 3.0, "top_ticker_overlay_contributor": "MU", "secs": 3.1}
{"test": "N3", "delay": 0, "offset": 18, "decision_alpha_vs_qqq_pct": 337.74, "diagnostic_alpha_vs_qqq_pct": -8.11, "decision_period_max_drawdown_pct": -20.53, "turnover_pct": 5021.77, "avg_overlay_positions": 3.0, "top_ticker_overlay_contributor": "AVGO", "secs": 3.3}
{"test": "N3", "delay": 0, "offset": 19, "decision_alpha_vs_qqq_pct": 136.97, "diagnostic_alpha_vs_qqq_pct": -22.98, "decision_period_max_drawdown_pct": -22.23, "turnover_pct": 4772.19, "avg_overlay_positions": 3.0, "top_ticker_overlay_contributor": "MU", "secs": 3.0}
{"test": "N3", "delay": 1, "offset": 0, "decision_alpha_vs_qqq_pct": 160.76, "diagnostic_alpha_vs_qqq_pct": -36.74, "decision_period_max_drawdown_pct": -20.06, "turnover_pct": 4528.57, "avg_overlay_positions": 3.0, "top_ticker_overlay_contributor": "MU", "secs": 3.1}
{"test": "N3", "delay": 1, "offset": 1, "decision_alpha_vs_qqq_pct": 115.6, "diagnostic_alpha_vs_qqq_pct": -42.04, "decision_period_max_drawdown_pct": -19.99, "turnover_pct": 4762.66, "avg_overlay_positions": 3.0, "top_ticker_overlay_contributor": "AVGO", "secs": 3.1}
{"test": "N3", "delay": 1, "offset": 2, "decision_alpha_vs_qqq_pct": 207.95, "diagnostic_alpha_vs_qqq_pct": 2.25, "decision_period_max_drawdown_pct": -21.56, "turnover_pct": 4631.01, "avg_overlay_positions": 3.0, "top_ticker_overlay_contributor": "AVGO", "secs": 3.6}
{"test": "N3", "delay": 1, "offset": 3, "decision_alpha_vs_qqq_pct": 247.39, "diagnostic_alpha_vs_qqq_pct": -9.56, "decision_period_max_drawdown_pct": -23.59, "turnover_pct": 4825.83, "avg_overlay_positions": 3.0, "top_ticker_overlay_contributor": "AVGO", "secs": 3.7}
{"test": "N3", "delay": 1, "offset": 4, "decision_alpha_vs_qqq_pct": 221.3, "diagnostic_alpha_vs_qqq_pct": 31.05, "decision_period_max_drawdown_pct": -23.77, "turnover_pct": 4648.01, "avg_overlay_positions": 3.0, "top_ticker_overlay_contributor": "MU", "secs": 3.4}
{"test": "N3", "delay": 1, "offset": 5, "decision_alpha_vs_qqq_pct": 201.35, "diagnostic_alpha_vs_qqq_pct": 74.02, "decision_period_max_drawdown_pct": -28.26, "turnover_pct": 4684.16, "avg_overlay_positions": 3.0, "top_ticker_overlay_contributor": "MU", "secs": 3.2}
{"test": "N3", "delay": 1, "offset": 6, "decision_alpha_vs_qqq_pct": 209.19, "diagnostic_alpha_vs_qqq_pct": 37.11, "decision_period_max_drawdown_pct": -28.51, "turnover_pct": 4878.46, "avg_overlay_positions": 3.0, "top_ticker_overlay_contributor": "MU", "secs": 3.3}
{"test": "N3", "delay": 1, "offset": 7, "decision_alpha_vs_qqq_pct": 261.3, "diagnostic_alpha_vs_qqq_pct": 63.64, "decision_period_max_drawdown_pct": -29.87, "turnover_pct": 4402.71, "avg_overlay_positions": 3.0, "top_ticker_overlay_contributor": "MU", "secs": 3.1}
{"test": "N3", "delay": 1, "offset": 8, "decision_alpha_vs_qqq_pct": 258.62, "diagnostic_alpha_vs_qqq_pct": 50.98, "decision_period_max_drawdown_pct": -27.44, "turnover_pct": 4589.92, "avg_overlay_positions": 3.0, "top_ticker_overlay_contributor": "AVGO", "secs": 3.8}
{"test": "N3", "delay": 1, "offset": 9, "decision_alpha_vs_qqq_pct": 169.68, "diagnostic_alpha_vs_qqq_pct": -9.47, "decision_period_max_drawdown_pct": -27.2, "turnover_pct": 4658.25, "avg_overlay_positions": 3.0, "top_ticker_overlay_contributor": "AVGO", "secs": 3.4}
{"test": "N3", "delay": 1, "offset": 10, "decision_alpha_vs_qqq_pct": 86.0, "diagnostic_alpha_vs_qqq_pct": -36.16, "decision_period_max_drawdown_pct": -24.34, "turnover_pct": 4652.35, "avg_overlay_positions": 3.0, "top_ticker_overlay_contributor": "AVGO", "secs": 3.4}
{"test": "N3", "delay": 1, "offset": 11, "decision_alpha_vs_qqq_pct": 136.57, "diagnostic_alpha_vs_qqq_pct": -32.98, "decision_period_max_drawdown_pct": -18.67, "turnover_pct": 4877.43, "avg_overlay_positions": 3.0, "top_ticker_overlay_contributor": "MU", "secs": 3.3}
{"test": "N3", "delay": 1, "offset": 12, "decision_alpha_vs_qqq_pct": 62.83, "diagnostic_alpha_vs_qqq_pct": -52.06, "decision_period_max_drawdown_pct": -17.47, "turnover_pct": 4949.88, "avg_overlay_positions": 3.0, "top_ticker_overlay_contributor": "AVGO", "secs": 3.5}
{"test": "N3", "delay": 1, "offset": 13, "decision_alpha_vs_qqq_pct": 80.42, "diagnostic_alpha_vs_qqq_pct": -22.38, "decision_period_max_drawdown_pct": -17.56, "turnover_pct": 5128.16, "avg_overlay_positions": 3.0, "top_ticker_overlay_contributor": "NFLX", "secs": 3.3}
{"test": "N3", "delay": 1, "offset": 14, "decision_alpha_vs_qqq_pct": 219.97, "diagnostic_alpha_vs_qqq_pct": 8.07, "decision_period_max_drawdown_pct": -14.7, "turnover_pct": 5150.0, "avg_overlay_positions": 3.0, "top_ticker_overlay_contributor": "AVGO", "secs": 3.1}
{"test": "N3", "delay": 1, "offset": 15, "decision_alpha_vs_qqq_pct": 298.24, "diagnostic_alpha_vs_qqq_pct": 11.37, "decision_period_max_drawdown_pct": -15.78, "turnover_pct": 5070.72, "avg_overlay_positions": 3.0, "top_ticker_overlay_contributor": "AVGO", "secs": 3.1}
{"test": "N3", "delay": 1, "offset": 16, "decision_alpha_vs_qqq_pct": 297.66, "diagnostic_alpha_vs_qqq_pct": 19.4, "decision_period_max_drawdown_pct": -18.5, "turnover_pct": 5027.01, "avg_overlay_positions": 3.0, "top_ticker_overlay_contributor": "AVGO", "secs": 3.8}
{"test": "N3", "delay": 1, "offset": 17, "decision_alpha_vs_qqq_pct": 327.0, "diagnostic_alpha_vs_qqq_pct": 9.84, "decision_period_max_drawdown_pct": -21.18, "turnover_pct": 5086.03, "avg_overlay_positions": 3.0, "top_ticker_overlay_contributor": "MU", "secs": 3.5}
{"test": "N3", "delay": 1, "offset": 18, "decision_alpha_vs_qqq_pct": 190.11, "diagnostic_alpha_vs_qqq_pct": 1.52, "decision_period_max_drawdown_pct": -20.76, "turnover_pct": 5021.77, "avg_overlay_positions": 3.0, "top_ticker_overlay_contributor": "MU", "secs": 3.7}
{"test": "N3", "delay": 1, "offset": 19, "decision_alpha_vs_qqq_pct": 118.02, "diagnostic_alpha_vs_qqq_pct": 10.33, "decision_period_max_drawdown_pct": -20.24, "turnover_pct": 4747.19, "avg_overlay_positions": 3.0, "top_ticker_overlay_contributor": "MU", "secs": 3.5}
{"test": "MP", "delay": 0, "offset": 0, "decision_alpha_vs_qqq_pct": -294.49, "diagnostic_alpha_vs_qqq_pct": -113.12, "decision_period_max_drawdown_pct": -25.29, "seed": 0, "secs": 4.3, "periods_swapped": 208}
{"test": "MP", "delay": 0, "offset": 1, "decision_alpha_vs_qqq_pct": -287.62, "diagnostic_alpha_vs_qqq_pct": -113.47, "decision_period_max_drawdown_pct": -23.55, "seed": 1, "secs": 4.3, "periods_swapped": 208}
{"test": "MP", "delay": 0, "offset": 2, "decision_alpha_vs_qqq_pct": -290.63, "diagnostic_alpha_vs_qqq_pct": -122.09, "decision_period_max_drawdown_pct": -27.85, "seed": 2, "secs": 4.6, "periods_swapped": 208}
{"test": "MP", "delay": 0, "offset": 3, "decision_alpha_vs_qqq_pct": -237.11, "diagnostic_alpha_vs_qqq_pct": -122.58, "decision_period_max_drawdown_pct": -28.61, "seed": 3, "secs": 4.1, "periods_swapped": 208}
{"test": "MP", "delay": 0, "offset": 4, "decision_alpha_vs_qqq_pct": -275.88, "diagnostic_alpha_vs_qqq_pct": -116.95, "decision_period_max_drawdown_pct": -24.17, "seed": 4, "secs": 4.3, "periods_swapped": 208}
{"test": "MP", "delay": 0, "offset": 5, "decision_alpha_vs_qqq_pct": -278.03, "diagnostic_alpha_vs_qqq_pct": -90.5, "decision_period_max_drawdown_pct": -23.93, "seed": 5, "secs": 4.0, "periods_swapped": 208}
{"test": "MP", "delay": 0, "offset": 6, "decision_alpha_vs_qqq_pct": -267.92, "diagnostic_alpha_vs_qqq_pct": -86.47, "decision_period_max_drawdown_pct": -29.1, "seed": 6, "secs": 3.8, "periods_swapped": 208}
{"test": "MP", "delay": 0, "offset": 7, "decision_alpha_vs_qqq_pct": -294.25, "diagnostic_alpha_vs_qqq_pct": -116.29, "decision_period_max_drawdown_pct": -28.43, "seed": 7, "secs": 4.0, "periods_swapped": 208}
{"test": "MP", "delay": 0, "offset": 8, "decision_alpha_vs_qqq_pct": -291.14, "diagnostic_alpha_vs_qqq_pct": -113.92, "decision_period_max_drawdown_pct": -26.14, "seed": 8, "secs": 3.5, "periods_swapped": 208}
{"test": "MP", "delay": 0, "offset": 9, "decision_alpha_vs_qqq_pct": -229.02, "diagnostic_alpha_vs_qqq_pct": -87.28, "decision_period_max_drawdown_pct": -25.57, "seed": 9, "secs": 3.9, "periods_swapped": 208}
{"test": "MP", "delay": 0, "offset": 10, "decision_alpha_vs_qqq_pct": -283.2, "diagnostic_alpha_vs_qqq_pct": -103.51, "decision_period_max_drawdown_pct": -29.45, "seed": 10, "secs": 3.8, "periods_swapped": 208}
{"test": "MP", "delay": 0, "offset": 11, "decision_alpha_vs_qqq_pct": -313.94, "diagnostic_alpha_vs_qqq_pct": -110.71, "decision_period_max_drawdown_pct": -27.65, "seed": 11, "secs": 3.5, "periods_swapped": 208}
{"test": "MP", "delay": 0, "offset": 12, "decision_alpha_vs_qqq_pct": -302.8, "diagnostic_alpha_vs_qqq_pct": -140.73, "decision_period_max_drawdown_pct": -31.03, "seed": 12, "secs": 3.8, "periods_swapped": 208}
{"test": "MP", "delay": 0, "offset": 13, "decision_alpha_vs_qqq_pct": -285.25, "diagnostic_alpha_vs_qqq_pct": -131.32, "decision_period_max_drawdown_pct": -25.95, "seed": 13, "secs": 3.4, "periods_swapped": 208}
{"test": "MP", "delay": 0, "offset": 14, "decision_alpha_vs_qqq_pct": -284.08, "diagnostic_alpha_vs_qqq_pct": -131.33, "decision_period_max_drawdown_pct": -23.22, "seed": 14, "secs": 3.7, "periods_swapped": 208}
{"test": "MP", "delay": 0, "offset": 15, "decision_alpha_vs_qqq_pct": -281.01, "diagnostic_alpha_vs_qqq_pct": -112.29, "decision_period_max_drawdown_pct": -22.81, "seed": 15, "secs": 3.7, "periods_swapped": 208}
{"test": "MP", "delay": 0, "offset": 16, "decision_alpha_vs_qqq_pct": -259.91, "diagnostic_alpha_vs_qqq_pct": -114.92, "decision_period_max_drawdown_pct": -26.34, "seed": 16, "secs": 3.6, "periods_swapped": 208}
{"test": "MP", "delay": 0, "offset": 17, "decision_alpha_vs_qqq_pct": -266.87, "diagnostic_alpha_vs_qqq_pct": -120.67, "decision_period_max_drawdown_pct": -26.53, "seed": 17, "secs": 3.8, "periods_swapped": 208}
{"test": "MP", "delay": 0, "offset": 18, "decision_alpha_vs_qqq_pct": -286.78, "diagnostic_alpha_vs_qqq_pct": -122.03, "decision_period_max_drawdown_pct": -26.78, "seed": 18, "secs": 3.4, "periods_swapped": 208}
{"test": "MP", "delay": 0, "offset": 19, "decision_alpha_vs_qqq_pct": -311.12, "diagnostic_alpha_vs_qqq_pct": -134.23, "decision_period_max_drawdown_pct": -22.28, "seed": 19, "secs": 3.8, "periods_swapped": 208}
{"test": "MP", "delay": 0, "offset": 0, "decision_alpha_vs_qqq_pct": -292.44, "diagnostic_alpha_vs_qqq_pct": -121.6, "decision_period_max_drawdown_pct": -29.72, "seed": 20, "secs": 3.4, "periods_swapped": 208}
{"test": "MP", "delay": 0, "offset": 1, "decision_alpha_vs_qqq_pct": -298.88, "diagnostic_alpha_vs_qqq_pct": -130.49, "decision_period_max_drawdown_pct": -26.31, "seed": 21, "secs": 3.7, "periods_swapped": 208}
{"test": "MP", "delay": 0, "offset": 2, "decision_alpha_vs_qqq_pct": -279.3, "diagnostic_alpha_vs_qqq_pct": -111.51, "decision_period_max_drawdown_pct": -24.06, "seed": 22, "secs": 3.8, "periods_swapped": 208}
{"test": "MP", "delay": 0, "offset": 3, "decision_alpha_vs_qqq_pct": -267.33, "diagnostic_alpha_vs_qqq_pct": -121.9, "decision_period_max_drawdown_pct": -24.7, "seed": 23, "secs": 3.4, "periods_swapped": 208}
{"test": "MP", "delay": 0, "offset": 4, "decision_alpha_vs_qqq_pct": -265.57, "diagnostic_alpha_vs_qqq_pct": -102.02, "decision_period_max_drawdown_pct": -21.55, "seed": 24, "secs": 3.8, "periods_swapped": 208}
{"test": "MP", "delay": 0, "offset": 5, "decision_alpha_vs_qqq_pct": -277.74, "diagnostic_alpha_vs_qqq_pct": -97.39, "decision_period_max_drawdown_pct": -24.99, "seed": 25, "secs": 3.5, "periods_swapped": 208}
{"test": "MP", "delay": 0, "offset": 6, "decision_alpha_vs_qqq_pct": -265.43, "diagnostic_alpha_vs_qqq_pct": -102.24, "decision_period_max_drawdown_pct": -29.45, "seed": 26, "secs": 3.9, "periods_swapped": 208}
{"test": "MP", "delay": 0, "offset": 7, "decision_alpha_vs_qqq_pct": -279.1, "diagnostic_alpha_vs_qqq_pct": -111.6, "decision_period_max_drawdown_pct": -30.6, "seed": 27, "secs": 3.8, "periods_swapped": 208}
{"test": "MP", "delay": 0, "offset": 8, "decision_alpha_vs_qqq_pct": -299.8, "diagnostic_alpha_vs_qqq_pct": -109.49, "decision_period_max_drawdown_pct": -32.83, "seed": 28, "secs": 3.5, "periods_swapped": 208}
{"test": "MP", "delay": 0, "offset": 9, "decision_alpha_vs_qqq_pct": -275.02, "diagnostic_alpha_vs_qqq_pct": -97.49, "decision_period_max_drawdown_pct": -28.44, "seed": 29, "secs": 3.8, "periods_swapped": 208}
{"test": "MP", "delay": 0, "offset": 10, "decision_alpha_vs_qqq_pct": -233.9, "diagnostic_alpha_vs_qqq_pct": -115.34, "decision_period_max_drawdown_pct": -23.85, "seed": 30, "secs": 3.4, "periods_swapped": 208}
{"test": "MP", "delay": 0, "offset": 11, "decision_alpha_vs_qqq_pct": -247.61, "diagnostic_alpha_vs_qqq_pct": -109.21, "decision_period_max_drawdown_pct": -25.83, "seed": 31, "secs": 3.8, "periods_swapped": 208}
{"test": "MP", "delay": 0, "offset": 12, "decision_alpha_vs_qqq_pct": -293.37, "diagnostic_alpha_vs_qqq_pct": -141.86, "decision_period_max_drawdown_pct": -24.53, "seed": 32, "secs": 3.5, "periods_swapped": 208}
{"test": "MP", "delay": 0, "offset": 13, "decision_alpha_vs_qqq_pct": -299.63, "diagnostic_alpha_vs_qqq_pct": -138.57, "decision_period_max_drawdown_pct": -25.17, "seed": 33, "secs": 3.8, "periods_swapped": 208}
{"test": "MP", "delay": 0, "offset": 14, "decision_alpha_vs_qqq_pct": -290.04, "diagnostic_alpha_vs_qqq_pct": -121.93, "decision_period_max_drawdown_pct": -25.97, "seed": 34, "secs": 3.8, "periods_swapped": 208}
{"test": "MP", "delay": 0, "offset": 15, "decision_alpha_vs_qqq_pct": -245.31, "diagnostic_alpha_vs_qqq_pct": -130.42, "decision_period_max_drawdown_pct": -24.49, "seed": 35, "secs": 3.5, "periods_swapped": 208}
{"test": "MP", "delay": 0, "offset": 16, "decision_alpha_vs_qqq_pct": -285.07, "diagnostic_alpha_vs_qqq_pct": -128.8, "decision_period_max_drawdown_pct": -32.04, "seed": 36, "secs": 4.1, "periods_swapped": 208}
{"test": "MP", "delay": 0, "offset": 17, "decision_alpha_vs_qqq_pct": -276.13, "diagnostic_alpha_vs_qqq_pct": -137.17, "decision_period_max_drawdown_pct": -23.66, "seed": 37, "secs": 3.6, "periods_swapped": 208}
{"test": "MP", "delay": 0, "offset": 18, "decision_alpha_vs_qqq_pct": -282.61, "diagnostic_alpha_vs_qqq_pct": -127.12, "decision_period_max_drawdown_pct": -24.51, "seed": 38, "secs": 3.9, "periods_swapped": 208}
{"test": "MP", "delay": 0, "offset": 19, "decision_alpha_vs_qqq_pct": -283.26, "diagnostic_alpha_vs_qqq_pct": -130.96, "decision_period_max_drawdown_pct": -23.67, "seed": 39, "secs": 4.0, "periods_swapped": 208}
{"test": "MP", "delay": 0, "offset": 0, "decision_alpha_vs_qqq_pct": -293.12, "diagnostic_alpha_vs_qqq_pct": -134.21, "decision_period_max_drawdown_pct": -26.13, "seed": 40, "secs": 3.7, "periods_swapped": 208}
{"test": "MP", "delay": 0, "offset": 1, "decision_alpha_vs_qqq_pct": -277.0, "diagnostic_alpha_vs_qqq_pct": -111.63, "decision_period_max_drawdown_pct": -25.14, "seed": 41, "secs": 4.1, "periods_swapped": 208}
{"test": "MP", "delay": 0, "offset": 2, "decision_alpha_vs_qqq_pct": -283.49, "diagnostic_alpha_vs_qqq_pct": -114.28, "decision_period_max_drawdown_pct": -30.95, "seed": 42, "secs": 3.5, "periods_swapped": 208}
{"test": "MP", "delay": 0, "offset": 3, "decision_alpha_vs_qqq_pct": -235.66, "diagnostic_alpha_vs_qqq_pct": -127.7, "decision_period_max_drawdown_pct": -21.72, "seed": 43, "secs": 3.9, "periods_swapped": 208}
{"test": "MP", "delay": 0, "offset": 4, "decision_alpha_vs_qqq_pct": -222.95, "diagnostic_alpha_vs_qqq_pct": -102.66, "decision_period_max_drawdown_pct": -20.54, "seed": 44, "secs": 3.5, "periods_swapped": 208}
{"test": "MP", "delay": 0, "offset": 5, "decision_alpha_vs_qqq_pct": -265.36, "diagnostic_alpha_vs_qqq_pct": -112.08, "decision_period_max_drawdown_pct": -22.58, "seed": 45, "secs": 3.8, "periods_swapped": 208}
{"test": "MP", "delay": 0, "offset": 6, "decision_alpha_vs_qqq_pct": -296.27, "diagnostic_alpha_vs_qqq_pct": -83.59, "decision_period_max_drawdown_pct": -28.52, "seed": 46, "secs": 3.8, "periods_swapped": 208}
{"test": "MP", "delay": 0, "offset": 7, "decision_alpha_vs_qqq_pct": -255.73, "diagnostic_alpha_vs_qqq_pct": -102.87, "decision_period_max_drawdown_pct": -27.77, "seed": 47, "secs": 3.6, "periods_swapped": 208}
{"test": "MP", "delay": 0, "offset": 8, "decision_alpha_vs_qqq_pct": -261.88, "diagnostic_alpha_vs_qqq_pct": -109.62, "decision_period_max_drawdown_pct": -26.01, "seed": 48, "secs": 3.9, "periods_swapped": 208}
{"test": "MP", "delay": 0, "offset": 9, "decision_alpha_vs_qqq_pct": -266.89, "diagnostic_alpha_vs_qqq_pct": -85.77, "decision_period_max_drawdown_pct": -28.67, "seed": 49, "secs": 3.4, "periods_swapped": 208}
{"test": "MP", "delay": 0, "offset": 10, "decision_alpha_vs_qqq_pct": -223.72, "diagnostic_alpha_vs_qqq_pct": -125.61, "decision_period_max_drawdown_pct": -29.13, "seed": 50, "secs": 3.8, "periods_swapped": 208}
{"test": "MP", "delay": 0, "offset": 11, "decision_alpha_vs_qqq_pct": -280.07, "diagnostic_alpha_vs_qqq_pct": -102.98, "decision_period_max_drawdown_pct": -28.53, "seed": 51, "secs": 3.5, "periods_swapped": 208}
{"test": "MP", "delay": 0, "offset": 12, "decision_alpha_vs_qqq_pct": -287.58, "diagnostic_alpha_vs_qqq_pct": -137.8, "decision_period_max_drawdown_pct": -27.5, "seed": 52, "secs": 3.8, "periods_swapped": 208}
{"test": "MP", "delay": 0, "offset": 13, "decision_alpha_vs_qqq_pct": -280.67, "diagnostic_alpha_vs_qqq_pct": -143.03, "decision_period_max_drawdown_pct": -26.3, "seed": 53, "secs": 3.8, "periods_swapped": 208}
{"test": "MP", "delay": 0, "offset": 14, "decision_alpha_vs_qqq_pct": -271.78, "diagnostic_alpha_vs_qqq_pct": -126.92, "decision_period_max_drawdown_pct": -24.51, "seed": 54, "secs": 3.5, "periods_swapped": 208}
{"test": "MP", "delay": 0, "offset": 15, "decision_alpha_vs_qqq_pct": -286.86, "diagnostic_alpha_vs_qqq_pct": -124.63, "decision_period_max_drawdown_pct": -24.69, "seed": 55, "secs": 3.9, "periods_swapped": 208}
{"test": "MP", "delay": 0, "offset": 16, "decision_alpha_vs_qqq_pct": -303.54, "diagnostic_alpha_vs_qqq_pct": -113.98, "decision_period_max_drawdown_pct": -28.64, "seed": 56, "secs": 3.5, "periods_swapped": 208}
{"test": "MP", "delay": 0, "offset": 17, "decision_alpha_vs_qqq_pct": -263.34, "diagnostic_alpha_vs_qqq_pct": -124.39, "decision_period_max_drawdown_pct": -24.96, "seed": 57, "secs": 9.6, "periods_swapped": 208}
{"test": "MP", "delay": 0, "offset": 18, "decision_alpha_vs_qqq_pct": -248.71, "diagnostic_alpha_vs_qqq_pct": -123.95, "decision_period_max_drawdown_pct": -25.94, "seed": 58, "secs": 4.0, "periods_swapped": 208}
{"test": "MP", "delay": 0, "offset": 19, "decision_alpha_vs_qqq_pct": -305.42, "diagnostic_alpha_vs_qqq_pct": -136.09, "decision_period_max_drawdown_pct": -25.54, "seed": 59, "secs": 3.5, "periods_swapped": 208}
{"test": "MP", "delay": 0, "offset": 0, "decision_alpha_vs_qqq_pct": -263.23, "diagnostic_alpha_vs_qqq_pct": -121.61, "decision_period_max_drawdown_pct": -23.36, "seed": 60, "secs": 4.0, "periods_swapped": 208}
{"test": "MP", "delay": 0, "offset": 1, "decision_alpha_vs_qqq_pct": -302.43, "diagnostic_alpha_vs_qqq_pct": -133.19, "decision_period_max_drawdown_pct": -25.38, "seed": 61, "secs": 3.5, "periods_swapped": 208}
{"test": "MP", "delay": 0, "offset": 2, "decision_alpha_vs_qqq_pct": -231.97, "diagnostic_alpha_vs_qqq_pct": -117.33, "decision_period_max_drawdown_pct": -25.25, "seed": 62, "secs": 3.9, "periods_swapped": 208}
{"test": "MP", "delay": 0, "offset": 3, "decision_alpha_vs_qqq_pct": -230.75, "diagnostic_alpha_vs_qqq_pct": -112.55, "decision_period_max_drawdown_pct": -26.32, "seed": 63, "secs": 3.5, "periods_swapped": 208}
{"test": "MP", "delay": 0, "offset": 4, "decision_alpha_vs_qqq_pct": -291.51, "diagnostic_alpha_vs_qqq_pct": -118.99, "decision_period_max_drawdown_pct": -27.15, "seed": 64, "secs": 3.8, "periods_swapped": 208}
{"test": "MP", "delay": 0, "offset": 5, "decision_alpha_vs_qqq_pct": -259.6, "diagnostic_alpha_vs_qqq_pct": -89.43, "decision_period_max_drawdown_pct": -24.53, "seed": 65, "secs": 3.9, "periods_swapped": 208}
{"test": "MP", "delay": 0, "offset": 6, "decision_alpha_vs_qqq_pct": -276.9, "diagnostic_alpha_vs_qqq_pct": -111.03, "decision_period_max_drawdown_pct": -26.64, "seed": 66, "secs": 3.4, "periods_swapped": 208}
{"test": "MP", "delay": 0, "offset": 7, "decision_alpha_vs_qqq_pct": -266.43, "diagnostic_alpha_vs_qqq_pct": -106.54, "decision_period_max_drawdown_pct": -27.96, "seed": 67, "secs": 3.9, "periods_swapped": 208}
{"test": "MP", "delay": 0, "offset": 8, "decision_alpha_vs_qqq_pct": -285.01, "diagnostic_alpha_vs_qqq_pct": -92.06, "decision_period_max_drawdown_pct": -28.17, "seed": 68, "secs": 3.4, "periods_swapped": 208}
{"test": "MP", "delay": 0, "offset": 9, "decision_alpha_vs_qqq_pct": -288.7, "diagnostic_alpha_vs_qqq_pct": -104.99, "decision_period_max_drawdown_pct": -30.61, "seed": 69, "secs": 3.8, "periods_swapped": 208}
{"test": "MP", "delay": 0, "offset": 10, "decision_alpha_vs_qqq_pct": -300.13, "diagnostic_alpha_vs_qqq_pct": -92.08, "decision_period_max_drawdown_pct": -29.76, "seed": 70, "secs": 3.4, "periods_swapped": 208}
{"test": "MP", "delay": 0, "offset": 11, "decision_alpha_vs_qqq_pct": -249.79, "diagnostic_alpha_vs_qqq_pct": -130.07, "decision_period_max_drawdown_pct": -22.28, "seed": 71, "secs": 3.8, "periods_swapped": 208}
{"test": "MP", "delay": 0, "offset": 12, "decision_alpha_vs_qqq_pct": -305.4, "diagnostic_alpha_vs_qqq_pct": -134.32, "decision_period_max_drawdown_pct": -24.6, "seed": 72, "secs": 3.8, "periods_swapped": 208}
{"test": "MP", "delay": 0, "offset": 13, "decision_alpha_vs_qqq_pct": -307.11, "diagnostic_alpha_vs_qqq_pct": -134.89, "decision_period_max_drawdown_pct": -24.83, "seed": 73, "secs": 3.4, "periods_swapped": 208}
{"test": "MP", "delay": 0, "offset": 14, "decision_alpha_vs_qqq_pct": -282.17, "diagnostic_alpha_vs_qqq_pct": -153.27, "decision_period_max_drawdown_pct": -24.07, "seed": 74, "secs": 3.8, "periods_swapped": 208}
{"test": "MP", "delay": 0, "offset": 15, "decision_alpha_vs_qqq_pct": -273.87, "diagnostic_alpha_vs_qqq_pct": -108.79, "decision_period_max_drawdown_pct": -23.25, "seed": 75, "secs": 3.4, "periods_swapped": 208}
{"test": "MP", "delay": 0, "offset": 16, "decision_alpha_vs_qqq_pct": -300.02, "diagnostic_alpha_vs_qqq_pct": -143.75, "decision_period_max_drawdown_pct": -27.61, "seed": 76, "secs": 3.8, "periods_swapped": 208}
{"test": "MP", "delay": 0, "offset": 17, "decision_alpha_vs_qqq_pct": -257.85, "diagnostic_alpha_vs_qqq_pct": -135.11, "decision_period_max_drawdown_pct": -25.87, "seed": 77, "secs": 3.6, "periods_swapped": 208}
{"test": "MP", "delay": 0, "offset": 18, "decision_alpha_vs_qqq_pct": -217.58, "diagnostic_alpha_vs_qqq_pct": -122.96, "decision_period_max_drawdown_pct": -22.46, "seed": 78, "secs": 4.2, "periods_swapped": 208}
{"test": "MP", "delay": 0, "offset": 19, "decision_alpha_vs_qqq_pct": -305.6, "diagnostic_alpha_vs_qqq_pct": -136.43, "decision_period_max_drawdown_pct": -21.77, "seed": 79, "secs": 4.1, "periods_swapped": 208}
{"test": "MP", "delay": 0, "offset": 0, "decision_alpha_vs_qqq_pct": -282.95, "diagnostic_alpha_vs_qqq_pct": -110.82, "decision_period_max_drawdown_pct": -22.54, "seed": 80, "secs": 4.0, "periods_swapped": 208}
{"test": "MP", "delay": 0, "offset": 1, "decision_alpha_vs_qqq_pct": -249.9, "diagnostic_alpha_vs_qqq_pct": -123.49, "decision_period_max_drawdown_pct": -22.71, "seed": 81, "secs": 4.0, "periods_swapped": 208}
{"test": "MP", "delay": 0, "offset": 2, "decision_alpha_vs_qqq_pct": -263.93, "diagnostic_alpha_vs_qqq_pct": -111.15, "decision_period_max_drawdown_pct": -23.86, "seed": 82, "secs": 3.6, "periods_swapped": 208}
{"test": "MP", "delay": 0, "offset": 3, "decision_alpha_vs_qqq_pct": -241.04, "diagnostic_alpha_vs_qqq_pct": -105.38, "decision_period_max_drawdown_pct": -24.95, "seed": 83, "secs": 4.0, "periods_swapped": 208}
{"test": "MP", "delay": 0, "offset": 4, "decision_alpha_vs_qqq_pct": -291.9, "diagnostic_alpha_vs_qqq_pct": -104.74, "decision_period_max_drawdown_pct": -27.6, "seed": 84, "secs": 4.1, "periods_swapped": 208}
{"test": "MP", "delay": 0, "offset": 5, "decision_alpha_vs_qqq_pct": -255.9, "diagnostic_alpha_vs_qqq_pct": -118.35, "decision_period_max_drawdown_pct": -20.5, "seed": 85, "secs": 3.5, "periods_swapped": 208}
{"test": "MP", "delay": 0, "offset": 6, "decision_alpha_vs_qqq_pct": -253.37, "diagnostic_alpha_vs_qqq_pct": -95.16, "decision_period_max_drawdown_pct": -25.86, "seed": 86, "secs": 3.9, "periods_swapped": 208}
{"test": "MP", "delay": 0, "offset": 7, "decision_alpha_vs_qqq_pct": -241.95, "diagnostic_alpha_vs_qqq_pct": -115.27, "decision_period_max_drawdown_pct": -26.68, "seed": 87, "secs": 3.5, "periods_swapped": 208}
{"test": "MP", "delay": 0, "offset": 8, "decision_alpha_vs_qqq_pct": -288.76, "diagnostic_alpha_vs_qqq_pct": -101.14, "decision_period_max_drawdown_pct": -33.88, "seed": 88, "secs": 4.0, "periods_swapped": 208}
{"test": "MP", "delay": 0, "offset": 9, "decision_alpha_vs_qqq_pct": -294.19, "diagnostic_alpha_vs_qqq_pct": -108.79, "decision_period_max_drawdown_pct": -27.06, "seed": 89, "secs": 3.7, "periods_swapped": 208}
{"test": "MP", "delay": 0, "offset": 10, "decision_alpha_vs_qqq_pct": -309.93, "diagnostic_alpha_vs_qqq_pct": -117.98, "decision_period_max_drawdown_pct": -35.47, "seed": 90, "secs": 3.9, "periods_swapped": 208}
{"test": "MP", "delay": 0, "offset": 11, "decision_alpha_vs_qqq_pct": -281.26, "diagnostic_alpha_vs_qqq_pct": -111.74, "decision_period_max_drawdown_pct": -30.22, "seed": 91, "secs": 4.1, "periods_swapped": 208}
{"test": "MP", "delay": 0, "offset": 12, "decision_alpha_vs_qqq_pct": -303.04, "diagnostic_alpha_vs_qqq_pct": -112.16, "decision_period_max_drawdown_pct": -24.78, "seed": 92, "secs": 3.6, "periods_swapped": 208}
{"test": "MP", "delay": 0, "offset": 13, "decision_alpha_vs_qqq_pct": -285.24, "diagnostic_alpha_vs_qqq_pct": -127.18, "decision_period_max_drawdown_pct": -26.3, "seed": 93, "secs": 3.9, "periods_swapped": 208}
{"test": "MP", "delay": 0, "offset": 14, "decision_alpha_vs_qqq_pct": -275.08, "diagnostic_alpha_vs_qqq_pct": -134.75, "decision_period_max_drawdown_pct": -24.51, "seed": 94, "secs": 3.6, "periods_swapped": 208}
{"test": "MP", "delay": 0, "offset": 15, "decision_alpha_vs_qqq_pct": -264.32, "diagnostic_alpha_vs_qqq_pct": -118.69, "decision_period_max_drawdown_pct": -24.7, "seed": 95, "secs": 3.9, "periods_swapped": 208}
{"test": "MP", "delay": 0, "offset": 16, "decision_alpha_vs_qqq_pct": -308.39, "diagnostic_alpha_vs_qqq_pct": -131.81, "decision_period_max_drawdown_pct": -29.02, "seed": 96, "secs": 3.9, "periods_swapped": 208}
{"test": "MP", "delay": 0, "offset": 17, "decision_alpha_vs_qqq_pct": -269.45, "diagnostic_alpha_vs_qqq_pct": -117.59, "decision_period_max_drawdown_pct": -23.12, "seed": 97, "secs": 3.5, "periods_swapped": 208}
{"test": "MP", "delay": 0, "offset": 18, "decision_alpha_vs_qqq_pct": -262.93, "diagnostic_alpha_vs_qqq_pct": -134.03, "decision_period_max_drawdown_pct": -29.25, "seed": 98, "secs": 3.9, "periods_swapped": 208}
{"test": "MP", "delay": 0, "offset": 19, "decision_alpha_vs_qqq_pct": -303.02, "diagnostic_alpha_vs_qqq_pct": -123.89, "decision_period_max_drawdown_pct": -27.07, "seed": 99, "secs": 3.5, "periods_swapped": 208}
{
 "gates": {
  "T1_names": false,
  "T2_big_winners": true
 },
 "verdict": "edge rests on a few names"
}
